Component: Arm Compiler for Embedded 6.22 Tool: armlink [5ee90200]

==============================================================================

Section Cross References

    gd32f4xx_it.o(.text) refers (Special) to systick_wrapper_ual.o(.text) for __ensure_systick_wrapper
    gd32f4xx_it.o(.text.NMI_Handler) refers (Special) to systick_wrapper_ual.o(.text) for __ensure_systick_wrapper
    gd32f4xx_it.o(.ARM.exidx.text.NMI_Handler) refers (Special) to systick_wrapper_ual.o(.text) for __ensure_systick_wrapper
    gd32f4xx_it.o(.ARM.exidx.text.NMI_Handler) refers to gd32f4xx_it.o(.text.NMI_Handler) for [Anonymous Symbol]
    gd32f4xx_it.o(.text.HardFault_Handler) refers (Special) to systick_wrapper_ual.o(.text) for __ensure_systick_wrapper
    gd32f4xx_it.o(.ARM.exidx.text.HardFault_Handler) refers (Special) to systick_wrapper_ual.o(.text) for __ensure_systick_wrapper
    gd32f4xx_it.o(.ARM.exidx.text.HardFault_Handler) refers to gd32f4xx_it.o(.text.HardFault_Handler) for [Anonymous Symbol]
    gd32f4xx_it.o(.text.MemManage_Handler) refers (Special) to systick_wrapper_ual.o(.text) for __ensure_systick_wrapper
    gd32f4xx_it.o(.ARM.exidx.text.MemManage_Handler) refers (Special) to systick_wrapper_ual.o(.text) for __ensure_systick_wrapper
    gd32f4xx_it.o(.ARM.exidx.text.MemManage_Handler) refers to gd32f4xx_it.o(.text.MemManage_Handler) for [Anonymous Symbol]
    gd32f4xx_it.o(.text.BusFault_Handler) refers (Special) to systick_wrapper_ual.o(.text) for __ensure_systick_wrapper
    gd32f4xx_it.o(.ARM.exidx.text.BusFault_Handler) refers (Special) to systick_wrapper_ual.o(.text) for __ensure_systick_wrapper
    gd32f4xx_it.o(.ARM.exidx.text.BusFault_Handler) refers to gd32f4xx_it.o(.text.BusFault_Handler) for [Anonymous Symbol]
    gd32f4xx_it.o(.text.UsageFault_Handler) refers (Special) to systick_wrapper_ual.o(.text) for __ensure_systick_wrapper
    gd32f4xx_it.o(.ARM.exidx.text.UsageFault_Handler) refers (Special) to systick_wrapper_ual.o(.text) for __ensure_systick_wrapper
    gd32f4xx_it.o(.ARM.exidx.text.UsageFault_Handler) refers to gd32f4xx_it.o(.text.UsageFault_Handler) for [Anonymous Symbol]
    gd32f4xx_it.o(.text.SVC_Handler) refers (Special) to systick_wrapper_ual.o(.text) for __ensure_systick_wrapper
    gd32f4xx_it.o(.ARM.exidx.text.SVC_Handler) refers (Special) to systick_wrapper_ual.o(.text) for __ensure_systick_wrapper
    gd32f4xx_it.o(.ARM.exidx.text.SVC_Handler) refers to gd32f4xx_it.o(.text.SVC_Handler) for [Anonymous Symbol]
    gd32f4xx_it.o(.text.DebugMon_Handler) refers (Special) to systick_wrapper_ual.o(.text) for __ensure_systick_wrapper
    gd32f4xx_it.o(.ARM.exidx.text.DebugMon_Handler) refers (Special) to systick_wrapper_ual.o(.text) for __ensure_systick_wrapper
    gd32f4xx_it.o(.ARM.exidx.text.DebugMon_Handler) refers to gd32f4xx_it.o(.text.DebugMon_Handler) for [Anonymous Symbol]
    gd32f4xx_it.o(.text.PendSV_Handler) refers (Special) to systick_wrapper_ual.o(.text) for __ensure_systick_wrapper
    gd32f4xx_it.o(.ARM.exidx.text.PendSV_Handler) refers (Special) to systick_wrapper_ual.o(.text) for __ensure_systick_wrapper
    gd32f4xx_it.o(.ARM.exidx.text.PendSV_Handler) refers to gd32f4xx_it.o(.text.PendSV_Handler) for [Anonymous Symbol]
    gd32f4xx_it.o(.text.USART0_IRQHandler) refers (Special) to systick_wrapper_ual.o(.text) for __ensure_systick_wrapper
    gd32f4xx_it.o(.text.USART0_IRQHandler) refers to gd32f4xx_usart.o(.text.usart_interrupt_flag_get) for usart_interrupt_flag_get
    gd32f4xx_it.o(.text.USART0_IRQHandler) refers to gd32f4xx_usart.o(.text.usart_data_receive) for usart_data_receive
    gd32f4xx_it.o(.text.USART0_IRQHandler) refers to gd32f4xx_dma.o(.text.dma_transfer_number_get) for dma_transfer_number_get
    gd32f4xx_it.o(.text.USART0_IRQHandler) refers to usart_app.o(.bss.debug_rx_flag) for debug_rx_flag
    gd32f4xx_it.o(.text.USART0_IRQHandler) refers to usart_app.o(.bss.debug_uart_dma_buffer) for debug_uart_dma_buffer
    gd32f4xx_it.o(.text.USART0_IRQHandler) refers to fun.o(.bss.debug_rxbuffer) for debug_rxbuffer
    gd32f4xx_it.o(.text.USART0_IRQHandler) refers to memcpya.o(.text) for __aeabi_memcpy
    gd32f4xx_it.o(.text.USART0_IRQHandler) refers to usart_app.o(.bss.debug_uart_dma_len) for debug_uart_dma_len
    gd32f4xx_it.o(.text.USART0_IRQHandler) refers to memseta.o(.text) for __aeabi_memclr
    gd32f4xx_it.o(.text.USART0_IRQHandler) refers to gd32f4xx_dma.o(.text.dma_channel_disable) for dma_channel_disable
    gd32f4xx_it.o(.text.USART0_IRQHandler) refers to gd32f4xx_dma.o(.text.dma_flag_clear) for dma_flag_clear
    gd32f4xx_it.o(.text.USART0_IRQHandler) refers to gd32f4xx_dma.o(.text.dma_transfer_number_config) for dma_transfer_number_config
    gd32f4xx_it.o(.text.USART0_IRQHandler) refers to gd32f4xx_dma.o(.text.dma_channel_enable) for dma_channel_enable
    gd32f4xx_it.o(.ARM.exidx.text.USART0_IRQHandler) refers (Special) to systick_wrapper_ual.o(.text) for __ensure_systick_wrapper
[...]
    TIMER0_TRG_CMT_TIMER10_IRQHandler        0x0800d1df   Thumb Code     0  startup_gd32f450_470.o(.text)
    TIMER0_UP_TIMER9_IRQHandler              0x0800d1df   Thumb Code     0  startup_gd32f450_470.o(.text)
    TIMER1_IRQHandler                        0x0800d1df   Thumb Code     0  startup_gd32f450_470.o(.text)
    TIMER2_IRQHandler                        0x0800d1df   Thumb Code     0  startup_gd32f450_470.o(.text)
    TIMER3_IRQHandler                        0x0800d1df   Thumb Code     0  startup_gd32f450_470.o(.text)
    TIMER4_IRQHandler                        0x0800d1df   Thumb Code     0  startup_gd32f450_470.o(.text)
    TIMER5_DAC_IRQHandler                    0x0800d1df   Thumb Code     0  startup_gd32f450_470.o(.text)
    TIMER6_IRQHandler                        0x0800d1df   Thumb Code     0  startup_gd32f450_470.o(.text)
    TIMER7_BRK_TIMER11_IRQHandler            0x0800d1df   Thumb Code     0  startup_gd32f450_470.o(.text)
    TIMER7_Channel_IRQHandler                0x0800d1df   Thumb Code     0  startup_gd32f450_470.o(.text)
    TIMER7_TRG_CMT_TIMER13_IRQHandler        0x0800d1df   Thumb Code     0  startup_gd32f450_470.o(.text)
    TIMER7_UP_TIMER12_IRQHandler             0x0800d1df   Thumb Code     0  startup_gd32f450_470.o(.text)
    TLI_ER_IRQHandler                        0x0800d1df   Thumb Code     0  startup_gd32f450_470.o(.text)
    TLI_IRQHandler                           0x0800d1df   Thumb Code     0  startup_gd32f450_470.o(.text)
    TRNG_IRQHandler                          0x0800d1df   Thumb Code     0  startup_gd32f450_470.o(.text)
    UART3_IRQHandler                         0x0800d1df   Thumb Code     0  startup_gd32f450_470.o(.text)
    UART4_IRQHandler                         0x0800d1df   Thumb Code     0  startup_gd32f450_470.o(.text)
    UART6_IRQHandler                         0x0800d1df   Thumb Code     0  startup_gd32f450_470.o(.text)
    UART7_IRQHandler                         0x0800d1df   Thumb Code     0  startup_gd32f450_470.o(.text)
    USART1_IRQHandler                        0x0800d1df   Thumb Code     0  startup_gd32f450_470.o(.text)
    USART5_IRQHandler                        0x0800d1df   Thumb Code     0  startup_gd32f450_470.o(.text)
    USBFS_IRQHandler                         0x0800d1df   Thumb Code     0  startup_gd32f450_470.o(.text)
    USBFS_WKUP_IRQHandler                    0x0800d1df   Thumb Code     0  startup_gd32f450_470.o(.text)
    USBHS_EP1_In_IRQHandler                  0x0800d1df   Thumb Code     0  startup_gd32f450_470.o(.text)
    USBHS_EP1_Out_IRQHandler                 0x0800d1df   Thumb Code     0  startup_gd32f450_470.o(.text)
    USBHS_IRQHandler                         0x0800d1df   Thumb Code     0  startup_gd32f450_470.o(.text)
    USBHS_WKUP_IRQHandler                    0x0800d1df   Thumb Code     0  startup_gd32f450_470.o(.text)
    WWDGT_IRQHandler                         0x0800d1df   Thumb Code     0  startup_gd32f450_470.o(.text)
    SysTick_Handler                          0x0800d1e9   Thumb Code    18  systick_wrapper_ual.o(.text)
    __ensure_systick_wrapper                 0x0800d205   Thumb Code     4  systick_wrapper_ual.o(.text)
    __perfc_port_set_sp                      0x0800d209   Thumb Code     4  systick_wrapper_ual.o(.text)
    __aeabi_ldivmod                          0x0800d20d   Thumb Code    98  ldiv.o(.text)
    __aeabi_memcpy                           0x0800d26f   Thumb Code    36  memcpya.o(.text)
    __aeabi_memcpy4                          0x0800d26f   Thumb Code     0  memcpya.o(.text)
    __aeabi_memcpy8                          0x0800d26f   Thumb Code     0  memcpya.o(.text)
    __aeabi_memset                           0x0800d293   Thumb Code    14  memseta.o(.text)
    __aeabi_memset4                          0x0800d293   Thumb Code     0  memseta.o(.text)
    __aeabi_memset8                          0x0800d293   Thumb Code     0  memseta.o(.text)
    __aeabi_memclr                           0x0800d2a1   Thumb Code     4  memseta.o(.text)
    __aeabi_memclr4                          0x0800d2a1   Thumb Code     0  memseta.o(.text)
    __aeabi_memclr8                          0x0800d2a1   Thumb Code     0  memseta.o(.text)
    _memset$wrapper                          0x0800d2a5   Thumb Code    18  memseta.o(.text)
    strlen                                   0x0800d2b7   Thumb Code    14  strlen.o(.text)
    memcmp                                   0x0800d2c5   Thumb Code    26  memcmp.o(.text)
    __cpp_initialize__aeabi_                 0x0800d2e1   Thumb Code    32  cpp_init.o(.text)
    __aeabi_f2d                              0x0800d309   Thumb Code    38  f2d.o(.text)
    __aeabi_uidiv                            0x0800d32f   Thumb Code     0  uidiv.o(.text)
    __aeabi_uidivmod                         0x0800d32f   Thumb Code    44  uidiv.o(.text)
    __aeabi_uldivmod                         0x0800d35b   Thumb Code    98  uldiv.o(.text)
    __I$use$fp                               0x0800d3bd   Thumb Code     0  iusefp.o(.text)
    __aeabi_dadd                             0x0800d3bd   Thumb Code   322  dadd.o(.text)
    __aeabi_dsub                             0x0800d4ff   Thumb Code     6  dadd.o(.text)
    __aeabi_drsub                            0x0800d505   Thumb Code     6  dadd.o(.text)
    __aeabi_dmul                             0x0800d50b   Thumb Code   228  dmul.o(.text)
    __aeabi_ddiv                             0x0800d5ef   Thumb Code   222  ddiv.o(.text)
    __aeabi_d2ulz                            0x0800d6cd   Thumb Code    48  dfixul.o(.text)
    __aeabi_cdrcmple                         0x0800d6fd   Thumb Code    48  cdrcmple.o(.text)
    __scatterload                            0x0800d72d   Thumb Code    38  init.o(.text)
    __scatterload_rt2                        0x0800d72d   Thumb Code     0  init.o(.text)
    __aeabi_llsl                             0x0800d75d   Thumb Code    30  llshl.o(.text)
    _ll_shift_l                              0x0800d75d   Thumb Code     0  llshl.o(.text)
    __aeabi_llsr                             0x0800d77b   Thumb Code    32  llushr.o(.text)
    _ll_ushift_r                             0x0800d77b   Thumb Code     0  llushr.o(.text)
    __aeabi_lasr                             0x0800d79b   Thumb Code    36  llsshr.o(.text)
    _ll_sshift_r                             0x0800d79b   Thumb Code     0  llsshr.o(.text)
    _double_round                            0x0800d7bf   Thumb Code    30  depilogue.o(.text)
    _double_epilogue                         0x0800d7dd   Thumb Code   156  depilogue.o(.text)
    BusFault_Handler                         0x0800d879   Thumb Code     2  gd32f4xx_it.o(.text.BusFault_Handler)
    DebugMon_Handler                         0x0800d87d   Thumb Code     2  gd32f4xx_it.o(.text.DebugMon_Handler)
    EXTI0_IRQHandler                         0x0800d881   Thumb Code    24  gd32f4xx_it.o(.text.EXTI0_IRQHandler)
    GD30AD3344_Init                          0x0800d899   Thumb Code   188  gd30ad3344.o(.text.GD30AD3344_Init)
    HardFault_Handler                        0x0800d95d   Thumb Code     2  gd32f4xx_it.o(.text.HardFault_Handler)
    MemManage_Handler                        0x0800da65   Thumb Code     2  gd32f4xx_it.o(.text.MemManage_Handler)
    NMI_Handler                              0x0800da69   Thumb Code     2  gd32f4xx_it.o(.text.NMI_Handler)
    OLED_Init                                0x0800da6d   Thumb Code   140  oled.o(.text.OLED_Init)
    OLED_ShowChar                            0x0800daf9   Thumb Code   170  oled.o(.text.OLED_ShowChar)
    OLED_ShowStr                             0x0800dba5   Thumb Code    64  oled.o(.text.OLED_ShowStr)
    OLED_Write_cmd                           0x0800dbe5   Thumb Code   454  oled.o(.text.OLED_Write_cmd)
    OLED_Write_data                          0x0800ddad   Thumb Code   454  oled.o(.text.OLED_Write_data)
    PendSV_Handler                           0x0800df75   Thumb Code     2  gd32f4xx_it.o(.text.PendSV_Handler)
    SDIO_IRQHandler                          0x0800df79   Thumb Code     4  gd32f4xx_it.o(.text.SDIO_IRQHandler)
    SVC_Handler                              0x0800df7d   Thumb Code     2  gd32f4xx_it.o(.text.SVC_Handler)
    $Super$$SysTick_Handler                  0x0800df81   Thumb Code     4  gd32f4xx_it.o(.text.SysTick_Handler)
    SystemInit                               0x0800df85   Thumb Code   552  system_gd32f4xx.o(.text.SystemInit)
    USART0_IRQHandler                        0x0800e1ad   Thumb Code   170  gd32f4xx_it.o(.text.USART0_IRQHandler)
    USART2_IRQHandler                        0x0800e259   Thumb Code    40  gd32f4xx_it.o(.text.USART2_IRQHandler)
    UsageFault_Handler                       0x0800e281   Thumb Code     2  gd32f4xx_it.o(.text.UsageFault_Handler)
    __perf_counter_init                      0x0800e2cd   Thumb Code    54  perf_counter.o(.text.__perf_counter_init)
    __perf_os_patch_init                     0x0800e305   Thumb Code     2  perf_counter.o(.text.__perf_os_patch_init)
    adc_calibration_enable                   0x0800e309   Thumb Code    32  gd32f4xx_adc.o(.text.adc_calibration_enable)
    adc_channel_length_config                0x0800e329   Thumb Code    70  gd32f4xx_adc.o(.text.adc_channel_length_config)
    adc_clock_config                         0x0800e371   Thumb Code    24  gd32f4xx_adc.o(.text.adc_clock_config)
    adc_data_alignment_config                0x0800e389   Thumb Code    18  gd32f4xx_adc.o(.text.adc_data_alignment_config)
    adc_dma_mode_enable                      0x0800e39d   Thumb Code    10  gd32f4xx_adc.o(.text.adc_dma_mode_enable)
    adc_dma_request_after_last_enable        0x0800e3a9   Thumb Code    10  gd32f4xx_adc.o(.text.adc_dma_request_after_last_enable)
    adc_enable                               0x0800e3b5   Thumb Code    18  gd32f4xx_adc.o(.text.adc_enable)
    adc_external_trigger_config              0x0800e3c9   Thumb Code    46  gd32f4xx_adc.o(.text.adc_external_trigger_config)
    adc_external_trigger_source_config       0x0800e3f9   Thumb Code    34  gd32f4xx_adc.o(.text.adc_external_trigger_source_config)
    adc_routine_channel_config               0x0800e41d   Thumb Code   116  gd32f4xx_adc.o(.text.adc_routine_channel_config)
    adc_software_trigger_enable              0x0800e491   Thumb Code    28  gd32f4xx_adc.o(.text.adc_software_trigger_enable)
    adc_special_function_config              0x0800e4ad   Thumb Code    90  gd32f4xx_adc.o(.text.adc_special_function_config)
    adc_sync_mode_config                     0x0800e509   Thumb Code    24  gd32f4xx_adc.o(.text.adc_sync_mode_config)
    adc_task                                 0x0800e521   Thumb Code    38  adc_app.o(.text.adc_task)
    bsp_adc_init                             0x0800e549   Thumb Code   280  fun.o(.text.bsp_adc_init)
    bsp_btn_init                             0x0800e661   Thumb Code    78  fun.o(.text.bsp_btn_init)
    bsp_dac_init                             0x0800e6b1   Thumb Code    96  fun.o(.text.bsp_dac_init)
    bsp_gd25qxx_init                         0x0800e711   Thumb Code   156  fun.o(.text.bsp_gd25qxx_init)
    bsp_gd30ad3344_init                      0x0800e7ad   Thumb Code   168  fun.o(.text.bsp_gd30ad3344_init)
    bsp_led_init                             0x0800e855   Thumb Code    88  fun.o(.text.bsp_led_init)
    bsp_oled_init                            0x0800e8ad   Thumb Code   270  fun.o(.text.bsp_oled_init)
    bsp_rtc_init                             0x0800e9bd   Thumb Code   174  fun.o(.text.bsp_rtc_init)
    bsp_usart0_init                          0x0800ea6d   Thumb Code   276  fun.o(.text.bsp_usart0_init)
    bsp_usart1_init                          0x0800eb81   Thumb Code   210  fun.o(.text.bsp_usart1_init)
    bsp_usart2_init                          0x0800ec55   Thumb Code   236  fun.o(.text.bsp_usart2_init)
    bsp_usart_init                           0x0800ed41   Thumb Code    18  fun.o(.text.bsp_usart_init)
    card_info_get                            0x0800ed55   Thumb Code   332  sd_app.o(.text.card_info_get)
    dac_data_set                             0x0800f2cd   Thumb Code    30  gd32f4xx_dac.o(.text.dac_data_set)
    dac_deinit                               0x0800f2ed   Thumb Code    36  gd32f4xx_dac.o(.text.dac_deinit)
    dac_enable                               0x0800f311   Thumb Code    24  gd32f4xx_dac.o(.text.dac_enable)
    dac_trigger_disable                      0x0800f329   Thumb Code    26  gd32f4xx_dac.o(.text.dac_trigger_disable)
    dac_wave_mode_config                     0x0800f345   Thumb Code    36  gd32f4xx_dac.o(.text.dac_wave_mode_config)
    delay_1ms                                0x0800f369   Thumb Code    20  systick.o(.text.delay_1ms)
    delay_decrement                          0x0800f37d   Thumb Code    24  systick.o(.text.delay_decrement)
    disk_initialize                          0x0800f9b1   Thumb Code    92  diskio.o(.text.disk_initialize)
    disk_ioctl                               0x0800fa0d   Thumb Code     4  diskio.o(.text.disk_ioctl)
    disk_read                                0x0800fa11   Thumb Code    64  diskio.o(.text.disk_read)
    disk_status                              0x0800fa51   Thumb Code     8  diskio.o(.text.disk_status)
    disk_write                               0x0800fa59   Thumb Code    64  diskio.o(.text.disk_write)
    dma_channel_disable                      0x0800fa99   Thumb Code    18  gd32f4xx_dma.o(.text.dma_channel_disable)
    dma_channel_enable                       0x0800faad   Thumb Code    18  gd32f4xx_dma.o(.text.dma_channel_enable)
    dma_channel_subperipheral_select         0x0800fac1   Thumb Code    22  gd32f4xx_dma.o(.text.dma_channel_subperipheral_select)
    dma_circulation_disable                  0x0800fad9   Thumb Code    18  gd32f4xx_dma.o(.text.dma_circulation_disable)
    dma_circulation_enable                   0x0800faed   Thumb Code    18  gd32f4xx_dma.o(.text.dma_circulation_enable)
    dma_deinit                               0x0800fb01   Thumb Code    78  gd32f4xx_dma.o(.text.dma_deinit)
    dma_flag_clear                           0x0800fb51   Thumb Code    54  gd32f4xx_dma.o(.text.dma_flag_clear)
    dma_flag_get                             0x0800fb89   Thumb Code    40  gd32f4xx_dma.o(.text.dma_flag_get)
    dma_flow_controller_config               0x0800fbb1   Thumb Code    24  gd32f4xx_dma.o(.text.dma_flow_controller_config)
    dma_memory_address_config                0x0800fbc9   Thumb Code    20  gd32f4xx_dma.o(.text.dma_memory_address_config)
    dma_multi_data_mode_init                 0x0800fbdd   Thumb Code   146  gd32f4xx_dma.o(.text.dma_multi_data_mode_init)
    dma_single_data_mode_init                0x0800fd29   Thumb Code   134  gd32f4xx_dma.o(.text.dma_single_data_mode_init)
    dma_single_data_para_struct_init         0x0800fdb1   Thumb Code    24  gd32f4xx_dma.o(.text.dma_single_data_para_struct_init)
    dma_transfer_number_config               0x0800fe81   Thumb Code    12  gd32f4xx_dma.o(.text.dma_transfer_number_config)
    dma_transfer_number_get                  0x0800fe8d   Thumb Code    12  gd32f4xx_dma.o(.text.dma_transfer_number_get)
    exti_interrupt_flag_clear                0x0800fe99   Thumb Code    12  gd32f4xx_exti.o(.text.exti_interrupt_flag_clear)
    exti_interrupt_flag_get                  0x0800fea5   Thumb Code    18  gd32f4xx_exti.o(.text.exti_interrupt_flag_get)
    f_close                                  0x0800feb9   Thumb Code    18  ff.o(.text.f_close)
    f_mount                                  0x0800fecd   Thumb Code    40  ff.o(.text.f_mount)
    f_open                                   0x0800fef5   Thumb Code   440  ff.o(.text.f_open)
    f_read                                   0x080100ad   Thumb Code   452  ff.o(.text.f_read)
    f_sync                                   0x08010271   Thumb Code   176  ff.o(.text.f_sync)
    f_write                                  0x08010321   Thumb Code   622  ff.o(.text.f_write)
    ff_convert                               0x08010591   Thumb Code    76  ccsbcs.o(.text.ff_convert)
    ff_wtoupper                              0x080105dd   Thumb Code    44  ccsbcs.o(.text.ff_wtoupper)
    gd32f4xx_firmware_version_get            0x080108f9   Thumb Code    10  system_gd32f4xx.o(.text.gd32f4xx_firmware_version_get)
    get_fat                                  0x08010905   Thumb Code   196  ff.o(.text.get_fat)
    get_fattime                              0x080109c9   Thumb Code     4  diskio.o(.text.get_fattime)
    get_system_ticks                         0x080109cd   Thumb Code   164  perf_counter.o(.text.get_system_ticks)
    gpio_af_set                              0x08010a71   Thumb Code   110  gd32f4xx_gpio.o(.text.gpio_af_set)
    gpio_bit_reset                           0x08010ae1   Thumb Code     4  gd32f4xx_gpio.o(.text.gpio_bit_reset)
    gpio_bit_set                             0x08010ae5   Thumb Code     4  gd32f4xx_gpio.o(.text.gpio_bit_set)
    gpio_input_bit_get                       0x08010ae9   Thumb Code    10  gd32f4xx_gpio.o(.text.gpio_input_bit_get)
    gpio_mode_set                            0x08010af5   Thumb Code    84  gd32f4xx_gpio.o(.text.gpio_mode_set)
    gpio_output_options_set                  0x08010b49   Thumb Code    70  gd32f4xx_gpio.o(.text.gpio_output_options_set)
    i2c_ack_config                           0x08010b91   Thumb Code    12  gd32f4xx_i2c.o(.text.i2c_ack_config)
    i2c_clock_config                         0x08010b9d   Thumb Code   214  gd32f4xx_i2c.o(.text.i2c_clock_config)
    i2c_deinit                               0x08010c75   Thumb Code    72  gd32f4xx_i2c.o(.text.i2c_deinit)
    i2c_dma_config                           0x08010cbd   Thumb Code    12  gd32f4xx_i2c.o(.text.i2c_dma_config)
    i2c_enable                               0x08010cc9   Thumb Code    10  gd32f4xx_i2c.o(.text.i2c_enable)
    i2c_flag_clear                           0x08010cd5   Thumb Code    38  gd32f4xx_i2c.o(.text.i2c_flag_clear)
    i2c_flag_get                             0x08010cfd   Thumb Code    16  gd32f4xx_i2c.o(.text.i2c_flag_get)
    i2c_master_addressing                    0x08010d0d   Thumb Code    14  gd32f4xx_i2c.o(.text.i2c_master_addressing)
    i2c_mode_addr_config                     0x08010d1d   Thumb Code    26  gd32f4xx_i2c.o(.text.i2c_mode_addr_config)
    i2c_start_on_bus                         0x08010d39   Thumb Code    10  gd32f4xx_i2c.o(.text.i2c_start_on_bus)
    i2c_stop_on_bus                          0x08010d45   Thumb Code    10  gd32f4xx_i2c.o(.text.i2c_stop_on_bus)
    key_task                                 0x08010d51   Thumb Code   186  key_app.o(.text.key_task)
    led_task                                 0x08010e0d   Thumb Code   162  led_app.o(.text.led_task)
    main                                     0x08010eb1   Thumb Code   228  main.o(.text.main)
    my_printf                                0x080110a1   Thumb Code   106  usart_app.o(.text.my_printf)
    nvic_irq_enable                          0x0801110d   Thumb Code   146  gd32f4xx_misc.o(.text.nvic_irq_enable)
    nvic_vector_table_set                    0x080111a1   Thumb Code    28  gd32f4xx_misc.o(.text.nvic_vector_table_set)
    oled_printf                              0x080111bd   Thumb Code    58  oled_app.o(.text.oled_printf)
    oled_task                                0x080111f9   Thumb Code   144  oled_app.o(.text.oled_task)
    ota_reset_state                          0x08011575   Thumb Code     4  usart_app.o(.text.ota_reset_state)
    ota_uart_process_frame                   0x0801162d   Thumb Code    60  ota_uart.o(.text.ota_uart_process_frame)
    ota_uart_reset_state                     0x08011689   Thumb Code    64  ota_uart.o(.text.ota_uart_reset_state)
    ota_uart_task                            0x080116c9   Thumb Code  2012  ota_uart.o(.text.ota_uart_task)
    perfc_convert_ticks_to_ms                0x08011f19   Thumb Code    20  perf_counter.o(.text.perfc_convert_ticks_to_ms)
    perfc_delay_ms                           0x08011f2d   Thumb Code    94  perf_counter.o(.text.perfc_delay_ms)
    perfc_delay_ms_user_code_in_loop         0x08011f8d   Thumb Code     4  perf_counter.o(.text.perfc_delay_ms_user_code_in_loop)
    perfc_init                               0x08011f91   Thumb Code    54  perf_counter.o(.text.perfc_init)
    perfc_port_clear_system_timer_ovf_pending 0x08011fc9   Thumb Code    16  perfc_port_default.o(.text.perfc_port_clear_system_timer_ovf_pending)
    perfc_port_get_system_timer_elapsed      0x08011fd9   Thumb Code    24  perfc_port_default.o(.text.perfc_port_get_system_timer_elapsed)
    perfc_port_get_system_timer_freq         0x08011ff1   Thumb Code    12  perfc_port_default.o(.text.perfc_port_get_system_timer_freq)
    perfc_port_get_system_timer_top          0x08011ffd   Thumb Code    14  perfc_port_default.o(.text.perfc_port_get_system_timer_top)
    perfc_port_init_system_timer             0x0801200d   Thumb Code    56  perfc_port_default.o(.text.perfc_port_init_system_timer)
    perfc_port_insert_to_system_timer_insert_ovf_handler 0x08012045   Thumb Code    44  perf_counter.o(.text.perfc_port_insert_to_system_timer_insert_ovf_handler)
    perfc_port_is_system_timer_ovf_pending   0x08012071   Thumb Code    16  perfc_port_default.o(.text.perfc_port_is_system_timer_ovf_pending)
    pmu_backup_write_enable                  0x08012081   Thumb Code    18  gd32f4xx_pmu.o(.text.pmu_backup_write_enable)
    put_fat                                  0x08012095   Thumb Code   274  ff.o(.text.put_fat)
    rcu_all_reset_flag_clear                 0x080122a5   Thumb Code    18  gd32f4xx_rcu.o(.text.rcu_all_reset_flag_clear)
    rcu_clock_freq_get                       0x080122b9   Thumb Code   172  gd32f4xx_rcu.o(.text.rcu_clock_freq_get)
    rcu_osci_on                              0x08012375   Thumb Code    30  gd32f4xx_rcu.o(.text.rcu_osci_on)
    rcu_osci_stab_wait                       0x08012395   Thumb Code   452  gd32f4xx_rcu.o(.text.rcu_osci_stab_wait)
    rcu_periph_clock_enable                  0x08012559   Thumb Code    30  gd32f4xx_rcu.o(.text.rcu_periph_clock_enable)
    rcu_periph_reset_disable                 0x08012579   Thumb Code    32  gd32f4xx_rcu.o(.text.rcu_periph_reset_disable)
    rcu_periph_reset_enable                  0x08012599   Thumb Code    30  gd32f4xx_rcu.o(.text.rcu_periph_reset_enable)
    rcu_rtc_clock_config                     0x080125b9   Thumb Code    20  gd32f4xx_rcu.o(.text.rcu_rtc_clock_config)
    ring_buffer_available                    0x080125cd   Thumb Code    30  ring_buffer.o(.text.ring_buffer_available)
    ring_buffer_drop                         0x080125ed   Thumb Code    48  ring_buffer.o(.text.ring_buffer_drop)
    ring_buffer_init                         0x0801261d   Thumb Code    14  ring_buffer.o(.text.ring_buffer_init)
    ring_buffer_peek                         0x0801262d   Thumb Code   106  ring_buffer.o(.text.ring_buffer_peek)
    ring_buffer_read                         0x08012699   Thumb Code   110  ring_buffer.o(.text.ring_buffer_read)
    ring_buffer_write                        0x08012709   Thumb Code   114  ring_buffer.o(.text.ring_buffer_write)
    rtc_current_time_get                     0x0801277d   Thumb Code    92  gd32f4xx_rtc.o(.text.rtc_current_time_get)
    rtc_init                                 0x080127d9   Thumb Code   268  gd32f4xx_rtc.o(.text.rtc_init)
    rtc_register_sync_wait                   0x080128e5   Thumb Code    76  gd32f4xx_rtc.o(.text.rtc_register_sync_wait)
    rtc_task                                 0x08012931   Thumb Code    44  rtc_app.o(.text.rtc_task)
    scheduler_init                           0x08012971   Thumb Code    14  scheduler.o(.text.scheduler_init)
    scheduler_run                            0x08012981   Thumb Code    78  scheduler.o(.text.scheduler_run)
    sd_block_read                            0x080129d1   Thumb Code   534  sdio_sdcard.o(.text.sd_block_read)
    sd_block_write                           0x08012be9   Thumb Code   840  sdio_sdcard.o(.text.sd_block_write)
    sd_bus_mode_config                       0x08012f31   Thumb Code   116  sdio_sdcard.o(.text.sd_bus_mode_config)
    sd_card_capacity_get                     0x08013191   Thumb Code   110  sdio_sdcard.o(.text.sd_card_capacity_get)
    sd_card_information_get                  0x08013201   Thumb Code   660  sdio_sdcard.o(.text.sd_card_information_get)
    sd_card_init                             0x08013495   Thumb Code   462  sdio_sdcard.o(.text.sd_card_init)
    sd_card_select_deselect                  0x08013665   Thumb Code    32  sdio_sdcard.o(.text.sd_card_select_deselect)
    sd_cardstatus_get                        0x080137dd   Thumb Code    70  sdio_sdcard.o(.text.sd_cardstatus_get)
    sd_fatfs_init                            0x08013825   Thumb Code    10  sd_app.o(.text.sd_fatfs_init)
    sd_fatfs_test                            0x08013831   Thumb Code   704  sd_app.o(.text.sd_fatfs_test)
    sd_init                                  0x08013b75   Thumb Code   198  sdio_sdcard.o(.text.sd_init)
    sd_interrupts_process                    0x08013c3d   Thumb Code   312  sdio_sdcard.o(.text.sd_interrupts_process)
    sd_multiblocks_read                      0x08013d75   Thumb Code   676  sdio_sdcard.o(.text.sd_multiblocks_read)
    sd_multiblocks_write                     0x08014019   Thumb Code   898  sdio_sdcard.o(.text.sd_multiblocks_write)
    sd_power_on                              0x0801439d   Thumb Code   414  sdio_sdcard.o(.text.sd_power_on)
    sd_transfer_mode_config                  0x0801453d   Thumb Code    22  sdio_sdcard.o(.text.sd_transfer_mode_config)
    sdio_bus_mode_set                        0x08014555   Thumb Code    24  gd32f4xx_sdio.o(.text.sdio_bus_mode_set)
    sdio_clock_config                        0x0801456d   Thumb Code    54  gd32f4xx_sdio.o(.text.sdio_clock_config)
    sdio_clock_enable                        0x080145a5   Thumb Code    18  gd32f4xx_sdio.o(.text.sdio_clock_enable)
    sdio_command_index_get                   0x080145b9   Thumb Code    14  gd32f4xx_sdio.o(.text.sdio_command_index_get)
    sdio_command_response_config             0x080145c9   Thumb Code    54  gd32f4xx_sdio.o(.text.sdio_command_response_config)
    sdio_csm_enable                          0x08014601   Thumb Code    18  gd32f4xx_sdio.o(.text.sdio_csm_enable)
    sdio_data_config                         0x08014615   Thumb Code    62  gd32f4xx_sdio.o(.text.sdio_data_config)
    sdio_data_read                           0x08014655   Thumb Code    12  gd32f4xx_sdio.o(.text.sdio_data_read)
    sdio_data_transfer_config                0x08014661   Thumb Code    22  gd32f4xx_sdio.o(.text.sdio_data_transfer_config)
    sdio_data_write                          0x08014679   Thumb Code    12  gd32f4xx_sdio.o(.text.sdio_data_write)
    sdio_deinit                              0x08014685   Thumb Code    22  gd32f4xx_sdio.o(.text.sdio_deinit)
    sdio_dma_disable                         0x0801469d   Thumb Code    18  gd32f4xx_sdio.o(.text.sdio_dma_disable)
    sdio_dma_enable                          0x080146b1   Thumb Code    18  gd32f4xx_sdio.o(.text.sdio_dma_enable)
    sdio_dsm_disable                         0x080146c5   Thumb Code    18  gd32f4xx_sdio.o(.text.sdio_dsm_disable)
    sdio_dsm_enable                          0x080146d9   Thumb Code    18  gd32f4xx_sdio.o(.text.sdio_dsm_enable)
    sdio_flag_clear                          0x080146ed   Thumb Code    12  gd32f4xx_sdio.o(.text.sdio_flag_clear)
    sdio_flag_get                            0x080146f9   Thumb Code    18  gd32f4xx_sdio.o(.text.sdio_flag_get)
    sdio_hardware_clock_disable              0x0801470d   Thumb Code    18  gd32f4xx_sdio.o(.text.sdio_hardware_clock_disable)
    sdio_interrupt_disable                   0x08014721   Thumb Code    18  gd32f4xx_sdio.o(.text.sdio_interrupt_disable)
    sdio_interrupt_enable                    0x08014735   Thumb Code    16  gd32f4xx_sdio.o(.text.sdio_interrupt_enable)
    sdio_interrupt_flag_clear                0x08014745   Thumb Code    12  gd32f4xx_sdio.o(.text.sdio_interrupt_flag_clear)
    sdio_interrupt_flag_get                  0x08014751   Thumb Code    18  gd32f4xx_sdio.o(.text.sdio_interrupt_flag_get)
    sdio_power_state_get                     0x08014765   Thumb Code    12  gd32f4xx_sdio.o(.text.sdio_power_state_get)
    sdio_power_state_set                     0x08014771   Thumb Code    12  gd32f4xx_sdio.o(.text.sdio_power_state_set)
    sdio_response_get                        0x0801477d   Thumb Code    64  gd32f4xx_sdio.o(.text.sdio_response_get)
    sdio_wait_type_set                       0x080147bd   Thumb Code    24  gd32f4xx_sdio.o(.text.sdio_wait_type_set)
    spi_dma_disable                          0x080147d5   Thumb Code    22  gd32f4xx_spi.o(.text.spi_dma_disable)
    spi_dma_enable                           0x080147ed   Thumb Code    18  gd32f4xx_spi.o(.text.spi_dma_enable)
    spi_enable                               0x08014801   Thumb Code    10  gd32f4xx_spi.o(.text.spi_enable)
    spi_flash_buffer_read                    0x0801480d   Thumb Code    92  gd25qxx.o(.text.spi_flash_buffer_read)
    spi_flash_init                           0x08014869   Thumb Code    32  gd25qxx.o(.text.spi_flash_init)
    spi_flash_page_write                     0x08014889   Thumb Code   150  gd25qxx.o(.text.spi_flash_page_write)
    spi_flash_sector_erase                   0x08014921   Thumb Code   124  gd25qxx.o(.text.spi_flash_sector_erase)
    spi_flash_send_byte_dma                  0x0801499d   Thumb Code   250  gd25qxx.o(.text.spi_flash_send_byte_dma)
    spi_gd30ad3344_send_halfword_dma         0x08014a99   Thumb Code   286  gd30ad3344.o(.text.spi_gd30ad3344_send_halfword_dma)
    spi_init                                 0x08014bb9   Thumb Code    52  gd32f4xx_spi.o(.text.spi_init)
    systick_config                           0x08014cd1   Thumb Code    74  systick.o(.text.systick_config)
    test_spi_flash                           0x08014d1d   Thumb Code   460  gd25qxx.o(.text.test_spi_flash)
    uart_task                                0x08014f7d   Thumb Code   230  usart_app.o(.text.uart_task)
    update_perf_counter                      0x08015065   Thumb Code   168  perf_counter.o(.text.update_perf_counter)
    usart_baudrate_set                       0x08015115   Thumb Code   190  gd32f4xx_usart.o(.text.usart_baudrate_set)
    usart_data_receive                       0x080151d5   Thumb Code     8  gd32f4xx_usart.o(.text.usart_data_receive)
    usart_data_transmit                      0x080151dd   Thumb Code     8  gd32f4xx_usart.o(.text.usart_data_transmit)
    usart_deinit                             0x080151e5   Thumb Code   200  gd32f4xx_usart.o(.text.usart_deinit)
    usart_dma_receive_config                 0x080152ad   Thumb Code    20  gd32f4xx_usart.o(.text.usart_dma_receive_config)
    usart_enable                             0x080152c1   Thumb Code    10  gd32f4xx_usart.o(.text.usart_enable)
    usart_flag_get                           0x080152cd   Thumb Code    16  gd32f4xx_usart.o(.text.usart_flag_get)
    usart_interrupt_enable                   0x080152dd   Thumb Code    22  gd32f4xx_usart.o(.text.usart_interrupt_enable)
    usart_interrupt_flag_get                 0x080152f5   Thumb Code    34  gd32f4xx_usart.o(.text.usart_interrupt_flag_get)
    usart_receive_config                     0x08015319   Thumb Code    12  gd32f4xx_usart.o(.text.usart_receive_config)
    usart_transmit_config                    0x08015325   Thumb Code    12  gd32f4xx_usart.o(.text.usart_transmit_config)
    ymodem_ota_is_active                     0x080153cd   Thumb Code    18  ymodem_ota.o(.text.ymodem_ota_is_active)
    ymodem_ota_process_bytes                 0x080153e1   Thumb Code  1700  ymodem_ota.o(.text.ymodem_ota_process_bytes)
    ymodem_ota_task                          0x08015b09   Thumb Code   114  ymodem_ota.o(.text.ymodem_ota_task)
    __0vsnprintf                             0x08015ba5   Thumb Code    46  printfa.o(i.__0vsnprintf)
    __1vsnprintf                             0x08015ba5   Thumb Code     0  printfa.o(i.__0vsnprintf)
    __2vsnprintf                             0x08015ba5   Thumb Code     0  printfa.o(i.__0vsnprintf)
    __c89vsnprintf                           0x08015ba5   Thumb Code     0  printfa.o(i.__0vsnprintf)
    vsnprintf                                0x08015ba5   Thumb Code     0  printfa.o(i.__0vsnprintf)
    __scatterload_copy                       0x08015bd9   Thumb Code    14  handlers.o(i.__scatterload_copy)
    __scatterload_null                       0x08015be7   Thumb Code     2  handlers.o(i.__scatterload_null)
    __scatterload_zeroinit                   0x08015be9   Thumb Code    14  handlers.o(i.__scatterload_zeroinit)
    F6X8                                     0x080164d8   Data         552  oled.o(.rodata.F6X8)
    Region$$Table$$Base                      0x080178a4   Number         0  anon$$obj.o(Region$$Table)
    Region$$Table$$Limit                     0x080178d4   Number         0  anon$$obj.o(Region$$Table)
    SHT$$INIT_ARRAY$$Base                    0x080178d4   Number         0  perf_counter.o(.init_array)
    SHT$$INIT_ARRAY$$Limit                   0x080178d8   Number         0  cpp_init.o(.init_array)
    SystemCoreClock                          0x20000000   Data           4  system_gd32f4xx.o(.data.SystemCoreClock)
    initcmd1                                 0x20000004   Data          22  oled.o(.data.initcmd1)
    oled_data_buf                            0x2000001b   Data           2  fun.o(.data.oled_data_buf)
    s_oled_available                         0x2000001d   Data           1  oled.o(.data.s_oled_available)
    ucLed                                    0x20000070   Data           6  led_app.o(.data.ucLed)
    GD30AD3344_InitStruct                    0x2000007e   Data           2  gd30ad3344.o(.bss.GD30AD3344_InitStruct)
    RTCSRC_FLAG                              0x200000a0   Data           4  fun.o(.bss.RTCSRC_FLAG)
    adc_value                                0x200000a4   Data           4  fun.o(.bss.adc_value)
    br                                       0x200000a8   Data           4  sd_app.o(.bss.br)
    buffer                                   0x200000ac   Data         128  sd_app.o(.bss.buffer)
    bw                                       0x2000012c   Data           4  sd_app.o(.bss.bw)
    convertarr                               0x20000132   Data           2  fun.o(.bss.convertarr)
    debug_rx_flag                            0x20000134   Data           1  usart_app.o(.bss.debug_rx_flag)
    debug_rxbuffer                           0x20000135   Data         512  fun.o(.bss.debug_rxbuffer)
    debug_uart_dma_buffer                    0x20000338   Data         512  usart_app.o(.bss.debug_uart_dma_buffer)
    debug_uart_dma_len                       0x20000538   Data           2  usart_app.o(.bss.debug_uart_dma_len)
    fdst                                     0x20000540   Data         548  sd_app.o(.bss.fdst)
    filebuffer                               0x20000764   Data         128  sd_app.o(.bss.filebuffer)
    fs                                       0x200007e4   Data         560  sd_app.o(.bss.fs)
    g_nOffset                                0x20000a14   Data           4  perf_counter.o(.bss.g_nOffset)
    key_down                                 0x20000a18   Data           1  key_app.o(.bss.key_down)
    key_old                                  0x20000a19   Data           1  key_app.o(.bss.key_old)
    key_up                                   0x20000a1a   Data           1  key_app.o(.bss.key_up)
    key_val                                  0x20000a1b   Data           1  key_app.o(.bss.key_val)
    oled_cmd_buf                             0x20000a20   Data           2  fun.o(.bss.oled_cmd_buf)
    prescaler_a                              0x20000a24   Data           4  fun.o(.bss.prescaler_a)
    prescaler_s                              0x20000a28   Data           4  fun.o(.bss.prescaler_s)
    result                                   0x20000a2c   Data           2  sd_app.o(.bss.result)
    rtc_initpara                             0x20000a30   Data          20  fun.o(.bss.rtc_initpara)
    rxbuffer                                 0x20000a44   Data        2048  fun.o(.bss.rxbuffer)
    sd_scr                                   0x200076c4   Data           8  sdio_sdcard.o(.bss.sd_scr)
    spi1_receive_array                       0x200076cc   Data          12  fun.o(.bss.spi1_receive_array)
    spi1_send_array                          0x200076d8   Data          12  fun.o(.bss.spi1_send_array)
    spi3_receive_array                       0x200076e4   Data          12  fun.o(.bss.spi3_receive_array)
    spi3_send_array                          0x200076f0   Data          12  fun.o(.bss.spi3_send_array)
    task_num                                 0x200076fd   Data           1  scheduler.o(.bss.task_num)
    tx_count                                 0x20007708   Data           2  usart_app.o(.bss.tx_count)
    usart1_rxbuffer                          0x2000770a   Data         256  fun.o(.bss.usart1_rxbuffer)
    __initial_sp                             0x20009810   Data           0  startup_gd32f450_470.o(STACK)
    fmc_byte_program                         0x20009a59   Thumb Code   224  gd32f4xx_fmc.o(.text.fmc_byte_program)
    fmc_flag_clear                           0x20009b39   Thumb Code    12  gd32f4xx_fmc.o(.text.fmc_flag_clear)
    fmc_flag_get                             0x20009b45   Thumb Code    18  gd32f4xx_fmc.o(.text.fmc_flag_get)
    fmc_lock                                 0x20009b59   Thumb Code    18  gd32f4xx_fmc.o(.text.fmc_lock)
    fmc_page_erase                           0x20009b6d   Thumb Code   232  gd32f4xx_fmc.o(.text.fmc_page_erase)
    fmc_unlock                               0x20009c55   Thumb Code    40  gd32f4xx_fmc.o(.text.fmc_unlock)
    fmc_word_program                         0x20009c7d   Thumb Code   228  gd32f4xx_fmc.o(.text.fmc_word_program)



==============================================================================

Memory Map of the image

  Image Entry point : 0x0800d1ad

  Load Region LR_IROM1 (Base: 0x0800d000, Size: 0x0000aea0, Max: 0x00038000, ABSOLUTE)

    Execution Region ER_IROM1 (Exec base: 0x0800d000, Load base: 0x0800d000, Size: 0x0000a8d8, Max: 0x00038000, ABSOLUTE)

    Exec Addr    Load Addr    Size         Type   Attr      Idx    E Section Name        Object

    0x0800d000   0x0800d000   0x000001ac   Data   RO          209    RESET               startup_gd32f450_470.o
    0x0800d1ac   0x0800d1ac   0x00000000   Code   RO         2890  * .ARM.Collect$$$$00000000  mc_w.l(entry.o)
    0x0800d1ac   0x0800d1ac   0x00000004   Code   RO         3207    .ARM.Collect$$$$00000001  mc_w.l(entry2.o)
    0x0800d1b0   0x0800d1b0   0x00000004   Code   RO         3210    .ARM.Collect$$$$00000004  mc_w.l(entry5.o)
    0x0800d1b4   0x0800d1b4   0x00000000   Code   RO         3212    .ARM.Collect$$$$00000008  mc_w.l(entry7b.o)
    0x0800d1b4   0x0800d1b4   0x00000004   Code   RO         3213    .ARM.Collect$$$$00000009  mc_w.l(entry8a.o)
    0x0800d1b8   0x0800d1b8   0x00000000   Code   RO         3214    .ARM.Collect$$$$0000000A  mc_w.l(entry8b.o)
    0x0800d1b8   0x0800d1b8   0x00000008   Code   RO         3215    .ARM.Collect$$$$0000000B  mc_w.l(entry9a.o)
    0x0800d1c0   0x0800d1c0   0x00000000   Code   RO         3217    .ARM.Collect$$$$0000000D  mc_w.l(entry10a.o)
    0x0800d1c0   0x0800d1c0   0x00000000   Code   RO         3219    .ARM.Collect$$$$0000000F  mc_w.l(entry11a.o)
    0x0800d1c0   0x0800d1c0   0x00000004   Code   RO         3208    .ARM.Collect$$$$00002712  mc_w.l(entry2.o)
    0x0800d1c4   0x0800d1c4   0x00000024   Code   RO          210    .text               startup_gd32f450_470.o
    0x0800d1e8   0x0800d1e8   0x00000024   Code   RO          343    .text               systick_wrapper_ual.o
    0x0800d20c   0x0800d20c   0x00000062   Code   RO         2893    .text               mc_w.l(ldiv.o)
    0x0800d26e   0x0800d26e   0x00000024   Code   RO         2895    .text               mc_w.l(memcpya.o)
    0x0800d292   0x0800d292   0x00000024   Code   RO         2897    .text               mc_w.l(memseta.o)
    0x0800d2b6   0x0800d2b6   0x0000000e   Code   RO         2901    .text               mc_w.l(strlen.o)
    0x0800d2c4   0x0800d2c4   0x0000001a   Code   RO         2903    .text               mc_w.l(memcmp.o)
    0x0800d2de   0x0800d2de   0x00000002   PAD
    0x0800d2e0   0x0800d2e0   0x00000028   Code   RO         3203    .text               mc_w.l(cpp_init.o)
    0x0800d308   0x0800d308   0x00000026   Code   RO         3205    .text               mf_w.l(f2d.o)
    0x0800d32e   0x0800d32e   0x0000002c   Code   RO         3231    .text               mc_w.l(uidiv.o)
    0x0800d35a   0x0800d35a   0x00000062   Code   RO         3233    .text               mc_w.l(uldiv.o)
    0x0800d3bc   0x0800d3bc   0x00000000   Code   RO         3237    .text               mc_w.l(iusefp.o)
    0x0800d3bc   0x0800d3bc   0x0000014e   Code   RO         3242    .text               mf_w.l(dadd.o)
    0x0800d50a   0x0800d50a   0x000000e4   Code   RO         3244    .text               mf_w.l(dmul.o)
    0x0800d5ee   0x0800d5ee   0x000000de   Code   RO         3246    .text               mf_w.l(ddiv.o)
    0x0800d6cc   0x0800d6cc   0x00000030   Code   RO         3248    .text               mf_w.l(dfixul.o)
    0x0800d6fc   0x0800d6fc   0x00000030   Code   RO         3250    .text               mf_w.l(cdrcmple.o)
    0x0800d72c   0x0800d72c   0x00000030   Code   RO         3252    .text               mc_w.l(init.o)
    0x0800d75c   0x0800d75c   0x0000001e   Code   RO         3254    .text               mc_w.l(llshl.o)
    0x0800d77a   0x0800d77a   0x00000020   Code   RO         3256    .text               mc_w.l(llushr.o)
    0x0800d79a   0x0800d79a   0x00000024   Code   RO         3258    .text               mc_w.l(llsshr.o)
    0x0800d7be   0x0800d7be   0x000000ba   Code   RO         3260    .text               mf_w.l(depilogue.o)
    0x0800d878   0x0800d878   0x00000002   Code   RO            8    .text.BusFault_Handler  gd32f4xx_it.o
    0x0800d87a   0x0800d87a   0x00000002   PAD
    0x0800d87c   0x0800d87c   0x00000002   Code   RO           14    .text.DebugMon_Handler  gd32f4xx_it.o
    0x0800d87e   0x0800d87e   0x00000002   PAD
    0x0800d880   0x0800d880   0x00000018   Code   RO           22    .text.EXTI0_IRQHandler  gd32f4xx_it.o
    0x0800d898   0x0800d898   0x000000c4   Code   RO          754    .text.GD30AD3344_Init  gd30ad3344.o
    0x0800d95c   0x0800d95c   0x00000002   Code   RO            4    .text.HardFault_Handler  gd32f4xx_it.o
    0x0800d95e   0x0800d95e   0x00000002   PAD
    0x0800d960   0x0800d960   0x00000102   Code   RO          847    .text.I2C_Bus_Reset  oled.o
    0x0800da62   0x0800da62   0x00000002   PAD
    0x0800da64   0x0800da64   0x00000002   Code   RO            6    .text.MemManage_Handler  gd32f4xx_it.o
    0x0800da66   0x0800da66   0x00000002   PAD
    0x0800da68   0x0800da68   0x00000002   Code   RO            2    .text.NMI_Handler   gd32f4xx_it.o
    0x0800da6a   0x0800da6a   0x00000002   PAD
    0x0800da6c   0x0800da6c   0x0000008c   Code   RO          875    .text.OLED_Init     oled.o
    0x0800daf8   0x0800daf8   0x000000aa   Code   RO          861    .text.OLED_ShowChar  oled.o
    0x0800dba2   0x0800dba2   0x00000002   PAD
    0x0800dba4   0x0800dba4   0x00000040   Code   RO          865    .text.OLED_ShowStr  oled.o
    0x0800dbe4   0x0800dbe4   0x000001c6   Code   RO          845    .text.OLED_Write_cmd  oled.o
    0x0800ddaa   0x0800ddaa   0x00000002   PAD
    0x0800ddac   0x0800ddac   0x000001c6   Code   RO          849    .text.OLED_Write_data  oled.o
    0x0800df72   0x0800df72   0x00000002   PAD
    0x0800df74   0x0800df74   0x00000002   Code   RO           16    .text.PendSV_Handler  gd32f4xx_it.o
    0x0800df76   0x0800df76   0x00000002   PAD
    0x0800df78   0x0800df78   0x00000004   Code   RO           24    .text.SDIO_IRQHandler  gd32f4xx_it.o
    0x0800df7c   0x0800df7c   0x00000002   Code   RO           12    .text.SVC_Handler   gd32f4xx_it.o
    0x0800df7e   0x0800df7e   0x00000002   PAD
    0x0800df80   0x0800df80   0x00000004   Code   RO           26    .text.SysTick_Handler  gd32f4xx_it.o
    0x0800df84   0x0800df84   0x00000228   Code   RO          217    .text.SystemInit    system_gd32f4xx.o
    0x0800e1ac   0x0800e1ac   0x000000aa   Code   RO           18    .text.USART0_IRQHandler  gd32f4xx_it.o
    0x0800e256   0x0800e256   0x00000002   PAD
    0x0800e258   0x0800e258   0x00000028   Code   RO           20    .text.USART2_IRQHandler  gd32f4xx_it.o
    0x0800e280   0x0800e280   0x00000002   Code   RO           10    .text.UsageFault_Handler  gd32f4xx_it.o
    0x0800e282   0x0800e282   0x00000002   PAD
    0x0800e284   0x0800e284   0x00000024   Code   RO          901    .text.__NVIC_SystemReset  ymodem_ota.o
    0x0800e2a8   0x0800e2a8   0x00000024   Code   RO          931    .text.__NVIC_SystemReset  ota_uart.o
    0x0800e2cc   0x0800e2cc   0x00000036   Code   RO          246    .text.__perf_counter_init  perf_counter.o
    0x0800e302   0x0800e302   0x00000002   PAD
    0x0800e304   0x0800e304   0x00000002   Code   RO          236    .text.__perf_os_patch_init  perf_counter.o
    0x0800e306   0x0800e306   0x00000002   PAD
    0x0800e308   0x0800e308   0x00000020   Code   RO          960    .text.adc_calibration_enable  gd32f4xx_adc.o
    0x0800e328   0x0800e328   0x00000046   Code   RO          982    .text.adc_channel_length_config  gd32f4xx_adc.o
    0x0800e36e   0x0800e36e   0x00000002   PAD
    0x0800e370   0x0800e370   0x00000018   Code   RO          950    .text.adc_clock_config  gd32f4xx_adc.o
    0x0800e388   0x0800e388   0x00000012   Code   RO          954    .text.adc_data_alignment_config  gd32f4xx_adc.o
    0x0800e39a   0x0800e39a   0x00000002   PAD
    0x0800e39c   0x0800e39c   0x0000000a   Code   RO          972    .text.adc_dma_mode_enable  gd32f4xx_adc.o
    0x0800e3a6   0x0800e3a6   0x00000002   PAD
    0x0800e3a8   0x0800e3a8   0x0000000a   Code   RO          976    .text.adc_dma_request_after_last_enable  gd32f4xx_adc.o
    0x0800e3b2   0x0800e3b2   0x00000002   PAD
    0x0800e3b4   0x0800e3b4   0x00000012   Code   RO          956    .text.adc_enable    gd32f4xx_adc.o
    0x0800e3c6   0x0800e3c6   0x00000002   PAD
    0x0800e3c8   0x0800e3c8   0x0000002e   Code   RO          992    .text.adc_external_trigger_config  gd32f4xx_adc.o
    0x0800e3f6   0x0800e3f6   0x00000002   PAD
    0x0800e3f8   0x0800e3f8   0x00000022   Code   RO          990    .text.adc_external_trigger_source_config  gd32f4xx_adc.o
    0x0800e41a   0x0800e41a   0x00000002   PAD
    0x0800e41c   0x0800e41c   0x00000074   Code   RO          984    .text.adc_routine_channel_config  gd32f4xx_adc.o
    0x0800e490   0x0800e490   0x0000001c   Code   RO          994    .text.adc_software_trigger_enable  gd32f4xx_adc.o
    0x0800e4ac   0x0800e4ac   0x0000005a   Code   RO          952    .text.adc_special_function_config  gd32f4xx_adc.o
    0x0800e506   0x0800e506   0x00000002   PAD
    0x0800e508   0x0800e508   0x00000018   Code   RO         1028    .text.adc_sync_mode_config  gd32f4xx_adc.o
    0x0800e520   0x0800e520   0x00000026   Code   RO          418    .text.adc_task      adc_app.o
    0x0800e546   0x0800e546   0x00000002   PAD
    0x0800e548   0x0800e548   0x00000118   Code   RO          382    .text.bsp_adc_init  fun.o
    0x0800e660   0x0800e660   0x0000004e   Code   RO          350    .text.bsp_btn_init  fun.o
    0x0800e6ae   0x0800e6ae   0x00000002   PAD
    0x0800e6b0   0x0800e6b0   0x00000060   Code   RO          386    .text.bsp_dac_init  fun.o
    0x0800e710   0x0800e710   0x0000009c   Code   RO          374    .text.bsp_gd25qxx_init  fun.o
    0x0800e7ac   0x0800e7ac   0x000000a8   Code   RO          376    .text.bsp_gd30ad3344_init  fun.o
    0x0800e854   0x0800e854   0x00000058   Code   RO          348    .text.bsp_led_init  fun.o
    0x0800e8ac   0x0800e8ac   0x0000010e   Code   RO          372    .text.bsp_oled_init  fun.o
    0x0800e9ba   0x0800e9ba   0x00000002   PAD
    0x0800e9bc   0x0800e9bc   0x000000ae   Code   RO          392    .text.bsp_rtc_init  fun.o
    0x0800ea6a   0x0800ea6a   0x00000002   PAD
    0x0800ea6c   0x0800ea6c   0x00000114   Code   RO          356    .text.bsp_usart0_init  fun.o
    0x0800eb80   0x0800eb80   0x000000d2   Code   RO          360    .text.bsp_usart1_init  fun.o
    0x0800ec52   0x0800ec52   0x00000002   PAD
    0x0800ec54   0x0800ec54   0x000000ec   Code   RO          362    .text.bsp_usart2_init  fun.o
    0x0800ed40   0x0800ed40   0x00000012   Code   RO          358    .text.bsp_usart_init  fun.o
    0x0800ed52   0x0800ed52   0x00000002   PAD
    0x0800ed54   0x0800ed54   0x000001d8   Code   RO          495    .text.card_info_get  sd_app.o
    0x0800ef2c   0x0800ef2c   0x0000006a   Code   RO          151    .text.check_fs      ff.o
    0x0800ef96   0x0800ef96   0x00000002   PAD
    0x0800ef98   0x0800ef98   0x00000286   Code   RO           99    .text.chk_mounted   ff.o
    0x0800f21e   0x0800f21e   0x00000002   PAD
    0x0800f220   0x0800f220   0x000000ac   Code   RO          111    .text.create_chain  ff.o
    0x0800f2cc   0x0800f2cc   0x0000001e   Code   RO         1196    .text.dac_data_set  gd32f4xx_dac.o
    0x0800f2ea   0x0800f2ea   0x00000002   PAD
    0x0800f2ec   0x0800f2ec   0x00000024   Code   RO         1180    .text.dac_deinit    gd32f4xx_dac.o
    0x0800f310   0x0800f310   0x00000018   Code   RO         1182    .text.dac_enable    gd32f4xx_dac.o
    0x0800f328   0x0800f328   0x0000001a   Code   RO         1200    .text.dac_trigger_disable  gd32f4xx_dac.o
    0x0800f342   0x0800f342   0x00000002   PAD
    0x0800f344   0x0800f344   0x00000024   Code   RO         1206    .text.dac_wave_mode_config  gd32f4xx_dac.o
    0x0800f368   0x0800f368   0x00000014   Code   RO           52    .text.delay_1ms     systick.o
    0x0800f37c   0x0800f37c   0x00000018   Code   RO           54    .text.delay_decrement  systick.o
    0x0800f394   0x0800f394   0x00000162   Code   RO          153    .text.dir_find      ff.o
    0x0800f4f6   0x0800f4f6   0x00000002   PAD
    0x0800f4f8   0x0800f4f8   0x00000168   Code   RO          131    .text.dir_next      ff.o
    0x0800f660   0x0800f660   0x000002a2   Code   RO          103    .text.dir_register  ff.o
    0x0800f902   0x0800f902   0x00000002   PAD
    0x0800f904   0x0800f904   0x000000aa   Code   RO          123    .text.dir_sdi       ff.o
    0x0800f9ae   0x0800f9ae   0x00000002   PAD
    0x0800f9b0   0x0800f9b0   0x0000005c   Code   RO           65    .text.disk_initialize  diskio.o
    0x0800fa0c   0x0800fa0c   0x00000004   Code   RO           73    .text.disk_ioctl    diskio.o
    0x0800fa10   0x0800fa10   0x00000040   Code   RO           69    .text.disk_read     diskio.o
    0x0800fa50   0x0800fa50   0x00000008   Code   RO           67    .text.disk_status   diskio.o
    0x0800fa58   0x0800fa58   0x00000040   Code   RO           71    .text.disk_write    diskio.o
    0x0800fa98   0x0800fa98   0x00000012   Code   RO         1356    .text.dma_channel_disable  gd32f4xx_dma.o
    0x0800faaa   0x0800faaa   0x00000002   PAD
    0x0800faac   0x0800faac   0x00000012   Code   RO         1354    .text.dma_channel_enable  gd32f4xx_dma.o
    0x0800fabe   0x0800fabe   0x00000002   PAD
    0x0800fac0   0x0800fac0   0x00000016   Code   RO         1364    .text.dma_channel_subperipheral_select  gd32f4xx_dma.o
    0x0800fad6   0x0800fad6   0x00000002   PAD
    0x0800fad8   0x0800fad8   0x00000012   Code   RO         1352    .text.dma_circulation_disable  gd32f4xx_dma.o
    0x0800faea   0x0800faea   0x00000002   PAD
    0x0800faec   0x0800faec   0x00000012   Code   RO         1350    .text.dma_circulation_enable  gd32f4xx_dma.o
    0x0800fafe   0x0800fafe   0x00000002   PAD
    0x0800fb00   0x0800fb00   0x0000004e   Code   RO         1318    .text.dma_deinit    gd32f4xx_dma.o
    0x0800fb4e   0x0800fb4e   0x00000002   PAD
    0x0800fb50   0x0800fb50   0x00000036   Code   RO         1374    .text.dma_flag_clear  gd32f4xx_dma.o
    0x0800fb86   0x0800fb86   0x00000002   PAD
    0x0800fb88   0x0800fb88   0x00000028   Code   RO         1372    .text.dma_flag_get  gd32f4xx_dma.o
    0x0800fbb0   0x0800fbb0   0x00000018   Code   RO         1366    .text.dma_flow_controller_config  gd32f4xx_dma.o
    0x0800fbc8   0x0800fbc8   0x00000014   Code   RO         1330    .text.dma_memory_address_config  gd32f4xx_dma.o
    0x0800fbdc   0x0800fbdc   0x00000092   Code   RO         1326    .text.dma_multi_data_mode_init  gd32f4xx_dma.o
    0x0800fc6e   0x0800fc6e   0x00000002   PAD
    0x0800fc70   0x0800fc70   0x000000b6   Code   RO          788    .text.dma_receive_config  sdio_sdcard.o
    0x0800fd26   0x0800fd26   0x00000002   PAD
    0x0800fd28   0x0800fd28   0x00000086   Code   RO         1324    .text.dma_single_data_mode_init  gd32f4xx_dma.o
    0x0800fdae   0x0800fdae   0x00000002   PAD
    0x0800fdb0   0x0800fdb0   0x00000018   Code   RO         1320    .text.dma_single_data_para_struct_init  gd32f4xx_dma.o
    0x0800fdc8   0x0800fdc8   0x000000b8   Code   RO          794    .text.dma_transfer_config  sdio_sdcard.o
    0x0800fe80   0x0800fe80   0x0000000c   Code   RO         1332    .text.dma_transfer_number_config  gd32f4xx_dma.o
    0x0800fe8c   0x0800fe8c   0x0000000c   Code   RO         1334    .text.dma_transfer_number_get  gd32f4xx_dma.o
    0x0800fe98   0x0800fe98   0x0000000c   Code   RO         1710    .text.exti_interrupt_flag_clear  gd32f4xx_exti.o
    0x0800fea4   0x0800fea4   0x00000012   Code   RO         1708    .text.exti_interrupt_flag_get  gd32f4xx_exti.o
    0x0800feb6   0x0800feb6   0x00000002   PAD
    0x0800feb8   0x0800feb8   0x00000012   Code   RO          117    .text.f_close       ff.o
    0x0800feca   0x0800feca   0x00000002   PAD
    0x0800fecc   0x0800fecc   0x00000028   Code   RO           95    .text.f_mount       ff.o
    0x0800fef4   0x0800fef4   0x000001b8   Code   RO           97    .text.f_open        ff.o
    0x080100ac   0x080100ac   0x000001c4   Code   RO          107    .text.f_read        ff.o
    0x08010270   0x08010270   0x000000b0   Code   RO          113    .text.f_sync        ff.o
    0x08010320   0x08010320   0x0000026e   Code   RO          109    .text.f_write       ff.o
    0x0801058e   0x0801058e   0x00000002   PAD
    0x08010590   0x08010590   0x0000004c   Code   RO          168    .text.ff_convert    ccsbcs.o
    0x080105dc   0x080105dc   0x0000002c   Code   RO          170    .text.ff_wtoupper   ccsbcs.o
    0x08010608   0x08010608   0x000002f0   Code   RO          101    .text.follow_path   ff.o
    0x080108f8   0x080108f8   0x0000000a   Code   RO          221    .text.gd32f4xx_firmware_version_get  system_gd32f4xx.o
    0x08010902   0x08010902   0x00000002   PAD
    0x08010904   0x08010904   0x000000c4   Code   RO           87    .text.get_fat       ff.o
    0x080109c8   0x080109c8   0x00000004   Code   RO           75    .text.get_fattime   diskio.o
    0x080109cc   0x080109cc   0x000000a4   Code   RO          240    .text.get_system_ticks  perf_counter.o
    0x08010a70   0x08010a70   0x0000006e   Code   RO         1852    .text.gpio_af_set   gd32f4xx_gpio.o
    0x08010ade   0x08010ade   0x00000002   PAD
    0x08010ae0   0x08010ae0   0x00000004   Code   RO         1838    .text.gpio_bit_reset  gd32f4xx_gpio.o
    0x08010ae4   0x08010ae4   0x00000004   Code   RO         1836    .text.gpio_bit_set  gd32f4xx_gpio.o
    0x08010ae8   0x08010ae8   0x0000000a   Code   RO         1844    .text.gpio_input_bit_get  gd32f4xx_gpio.o
    0x08010af2   0x08010af2   0x00000002   PAD
    0x08010af4   0x08010af4   0x00000054   Code   RO         1832    .text.gpio_mode_set  gd32f4xx_gpio.o
    0x08010b48   0x08010b48   0x00000046   Code   RO         1834    .text.gpio_output_options_set  gd32f4xx_gpio.o
    0x08010b8e   0x08010b8e   0x00000002   PAD
    0x08010b90   0x08010b90   0x0000000c   Code   RO         1876    .text.i2c_ack_config  gd32f4xx_i2c.o
    0x08010b9c   0x08010b9c   0x000000d6   Code   RO         1870    .text.i2c_clock_config  gd32f4xx_i2c.o
    0x08010c72   0x08010c72   0x00000002   PAD
    0x08010c74   0x08010c74   0x00000048   Code   RO         1868    .text.i2c_deinit    gd32f4xx_i2c.o
    0x08010cbc   0x08010cbc   0x0000000c   Code   RO         1898    .text.i2c_dma_config  gd32f4xx_i2c.o
    0x08010cc8   0x08010cc8   0x0000000a   Code   RO         1886    .text.i2c_enable    gd32f4xx_i2c.o
    0x08010cd2   0x08010cd2   0x00000002   PAD
    0x08010cd4   0x08010cd4   0x00000026   Code   RO         1934    .text.i2c_flag_clear  gd32f4xx_i2c.o
    0x08010cfa   0x08010cfa   0x00000002   PAD
    0x08010cfc   0x08010cfc   0x00000010   Code   RO         1932    .text.i2c_flag_get  gd32f4xx_i2c.o
    0x08010d0c   0x08010d0c   0x0000000e   Code   RO         1880    .text.i2c_master_addressing  gd32f4xx_i2c.o
    0x08010d1a   0x08010d1a   0x00000002   PAD
    0x08010d1c   0x08010d1c   0x0000001a   Code   RO         1872    .text.i2c_mode_addr_config  gd32f4xx_i2c.o
    0x08010d36   0x08010d36   0x00000002   PAD
    0x08010d38   0x08010d38   0x0000000a   Code   RO         1890    .text.i2c_start_on_bus  gd32f4xx_i2c.o
    0x08010d42   0x08010d42   0x00000002   PAD
    0x08010d44   0x08010d44   0x0000000a   Code   RO         1892    .text.i2c_stop_on_bus  gd32f4xx_i2c.o
    0x08010d4e   0x08010d4e   0x00000002   PAD
    0x08010d50   0x08010d50   0x000000ba   Code   RO          428    .text.key_task      key_app.o
    0x08010e0a   0x08010e0a   0x00000002   PAD
    0x08010e0c   0x08010e0c   0x000000a2   Code   RO          445    .text.led_task      led_app.o
    0x08010eae   0x08010eae   0x00000002   PAD
    0x08010eb0   0x08010eb0   0x00000174   Code   RO           36    .text.main          main.o
    0x08011024   0x08011024   0x0000007c   Code   RO           89    .text.move_window   ff.o
    0x080110a0   0x080110a0   0x0000006a   Code   RO          528    .text.my_printf     usart_app.o
    0x0801110a   0x0801110a   0x00000002   PAD
    0x0801110c   0x0801110c   0x00000092   Code   RO         2036    .text.nvic_irq_enable  gd32f4xx_misc.o
    0x0801119e   0x0801119e   0x00000002   PAD
    0x080111a0   0x080111a0   0x0000001c   Code   RO         2040    .text.nvic_vector_table_set  gd32f4xx_misc.o
    0x080111bc   0x080111bc   0x0000003a   Code   RO          457    .text.oled_printf   oled_app.o
    0x080111f6   0x080111f6   0x00000002   PAD
    0x080111f8   0x080111f8   0x000000bc   Code   RO          459    .text.oled_task     oled_app.o
    0x080112b4   0x080112b4   0x000000b8   Code   RO          921    .text.ota_check_flow_control  ota_uart.o
    0x0801136c   0x0801136c   0x00000208   Code   RO          929    .text.ota_finalize_if_done  ota_uart.o
    0x08011574   0x08011574   0x00000004   Code   RO          530    .text.ota_reset_state  usart_app.o
    0x08011578   0x08011578   0x00000058   Code   RO          927    .text.ota_send_ack  ota_uart.o
    0x080115d0   0x080115d0   0x0000005c   Code   RO          925    .text.ota_send_nack  ota_uart.o
    0x0801162c   0x0801162c   0x0000005c   Code   RO          919    .text.ota_uart_process_frame  ota_uart.o
    0x08011688   0x08011688   0x00000040   Code   RO          917    .text.ota_uart_reset_state  ota_uart.o
    0x080116c8   0x080116c8   0x00000850   Code   RO          923    .text.ota_uart_task  ota_uart.o
    0x08011f18   0x08011f18   0x00000014   Code   RO          262    .text.perfc_convert_ticks_to_ms  perf_counter.o
    0x08011f2c   0x08011f2c   0x0000005e   Code   RO          258    .text.perfc_delay_ms  perf_counter.o
    0x08011f8a   0x08011f8a   0x00000002   PAD
    0x08011f8c   0x08011f8c   0x00000004   Code   RO          256    .text.perfc_delay_ms_user_code_in_loop  perf_counter.o
    0x08011f90   0x08011f90   0x00000036   Code   RO          242    .text.perfc_init    perf_counter.o
    0x08011fc6   0x08011fc6   0x00000002   PAD
    0x08011fc8   0x08011fc8   0x00000010   Code   RO          326    .text.perfc_port_clear_system_timer_ovf_pending  perfc_port_default.o
    0x08011fd8   0x08011fd8   0x00000018   Code   RO          324    .text.perfc_port_get_system_timer_elapsed  perfc_port_default.o
    0x08011ff0   0x08011ff0   0x0000000c   Code   RO          318    .text.perfc_port_get_system_timer_freq  perfc_port_default.o
    0x08011ffc   0x08011ffc   0x0000000e   Code   RO          322    .text.perfc_port_get_system_timer_top  perfc_port_default.o
    0x0801200a   0x0801200a   0x00000002   PAD
    0x0801200c   0x0801200c   0x00000038   Code   RO          316    .text.perfc_port_init_system_timer  perfc_port_default.o
    0x08012044   0x08012044   0x0000002c   Code   RO          232    .text.perfc_port_insert_to_system_timer_insert_ovf_handler  perf_counter.o
    0x08012070   0x08012070   0x00000010   Code   RO          320    .text.perfc_port_is_system_timer_ovf_pending  perfc_port_default.o
    0x08012080   0x08012080   0x00000012   Code   RO         2092    .text.pmu_backup_write_enable  gd32f4xx_pmu.o
    0x08012092   0x08012092   0x00000002   PAD
    0x08012094   0x08012094   0x00000112   Code   RO           91    .text.put_fat       ff.o
    0x080121a6   0x080121a6   0x00000002   PAD
    0x080121a8   0x080121a8   0x000000fa   Code   RO          776    .text.r1_error_check  sdio_sdcard.o
    0x080122a2   0x080122a2   0x00000002   PAD
    0x080122a4   0x080122a4   0x00000012   Code   RO         2194    .text.rcu_all_reset_flag_clear  gd32f4xx_rcu.o
    0x080122b6   0x080122b6   0x00000002   PAD
    0x080122b8   0x080122b8   0x000000bc   Code   RO         2192    .text.rcu_clock_freq_get  gd32f4xx_rcu.o
    0x08012374   0x08012374   0x0000001e   Code   RO         2168    .text.rcu_osci_on   gd32f4xx_rcu.o
    0x08012392   0x08012392   0x00000002   PAD
    0x08012394   0x08012394   0x000001c4   Code   RO         2112    .text.rcu_osci_stab_wait  gd32f4xx_rcu.o
    0x08012558   0x08012558   0x0000001e   Code   RO         2114    .text.rcu_periph_clock_enable  gd32f4xx_rcu.o
    0x08012576   0x08012576   0x00000002   PAD
    0x08012578   0x08012578   0x00000020   Code   RO         2124    .text.rcu_periph_reset_disable  gd32f4xx_rcu.o
    0x08012598   0x08012598   0x0000001e   Code   RO         2122    .text.rcu_periph_reset_enable  gd32f4xx_rcu.o
    0x080125b6   0x080125b6   0x00000002   PAD
    0x080125b8   0x080125b8   0x00000014   Code   RO         2150    .text.rcu_rtc_clock_config  gd32f4xx_rcu.o
    0x080125cc   0x080125cc   0x0000001e   Code   RO          184    .text.ring_buffer_available  ring_buffer.o
    0x080125ea   0x080125ea   0x00000002   PAD
    0x080125ec   0x080125ec   0x00000030   Code   RO          196    .text.ring_buffer_drop  ring_buffer.o
    0x0801261c   0x0801261c   0x0000000e   Code   RO          182    .text.ring_buffer_init  ring_buffer.o
    0x0801262a   0x0801262a   0x00000002   PAD
    0x0801262c   0x0801262c   0x0000006a   Code   RO          192    .text.ring_buffer_peek  ring_buffer.o
    0x08012696   0x08012696   0x00000002   PAD
    0x08012698   0x08012698   0x0000006e   Code   RO          194    .text.ring_buffer_read  ring_buffer.o
    0x08012706   0x08012706   0x00000002   PAD
    0x08012708   0x08012708   0x00000072   Code   RO          190    .text.ring_buffer_write  ring_buffer.o
    0x0801277a   0x0801277a   0x00000002   PAD
    0x0801277c   0x0801277c   0x0000005c   Code   RO         2223    .text.rtc_current_time_get  gd32f4xx_rtc.o
    0x080127d8   0x080127d8   0x0000010c   Code   RO         2219    .text.rtc_init      gd32f4xx_rtc.o
    0x080128e4   0x080128e4   0x0000004c   Code   RO         2217    .text.rtc_register_sync_wait  gd32f4xx_rtc.o
    0x08012930   0x08012930   0x00000040   Code   RO          469    .text.rtc_task      rtc_app.o
    0x08012970   0x08012970   0x0000000e   Code   RO          477    .text.scheduler_init  scheduler.o
    0x0801297e   0x0801297e   0x00000002   PAD
    0x08012980   0x08012980   0x0000004e   Code   RO          479    .text.scheduler_run  scheduler.o
    0x080129ce   0x080129ce   0x00000002   PAD
    0x080129d0   0x080129d0   0x00000216   Code   RO          786    .text.sd_block_read  sdio_sdcard.o
    0x08012be6   0x08012be6   0x00000002   PAD
    0x08012be8   0x08012be8   0x00000348   Code   RO          792    .text.sd_block_write  sdio_sdcard.o
    0x08012f30   0x08012f30   0x00000074   Code   RO          780    .text.sd_bus_mode_config  sdio_sdcard.o
    0x08012fa4   0x08012fa4   0x000001ea   Code   RO          782    .text.sd_bus_width_config  sdio_sdcard.o
    0x0801318e   0x0801318e   0x00000002   PAD
    0x08013190   0x08013190   0x0000006e   Code   RO          816    .text.sd_card_capacity_get  sdio_sdcard.o
    0x080131fe   0x080131fe   0x00000002   PAD
    0x08013200   0x08013200   0x00000294   Code   RO          818    .text.sd_card_information_get  sdio_sdcard.o
    0x08013494   0x08013494   0x000001ce   Code   RO          774    .text.sd_card_init  sdio_sdcard.o
    0x08013662   0x08013662   0x00000002   PAD
    0x08013664   0x08013664   0x00000020   Code   RO          806    .text.sd_card_select_deselect  sdio_sdcard.o
    0x08013684   0x08013684   0x00000156   Code   RO          796    .text.sd_card_state_get  sdio_sdcard.o
    0x080137da   0x080137da   0x00000002   PAD
    0x080137dc   0x080137dc   0x00000046   Code   RO          808    .text.sd_cardstatus_get  sdio_sdcard.o
    0x08013822   0x08013822   0x00000002   PAD
    0x08013824   0x08013824   0x0000000a   Code   RO          493    .text.sd_fatfs_init  sd_app.o
    0x0801382e   0x0801382e   0x00000002   PAD
    0x08013830   0x08013830   0x00000344   Code   RO          497    .text.sd_fatfs_test  sd_app.o
    0x08013b74   0x08013b74   0x000000c6   Code   RO          770    .text.sd_init       sdio_sdcard.o
    0x08013c3a   0x08013c3a   0x00000002   PAD
    0x08013c3c   0x08013c3c   0x00000138   Code   RO          802    .text.sd_interrupts_process  sdio_sdcard.o
    0x08013d74   0x08013d74   0x000002a4   Code   RO          790    .text.sd_multiblocks_read  sdio_sdcard.o
    0x08014018   0x08014018   0x00000382   Code   RO          798    .text.sd_multiblocks_write  sdio_sdcard.o
    0x0801439a   0x0801439a   0x00000002   PAD
    0x0801439c   0x0801439c   0x0000019e   Code   RO          772    .text.sd_power_on   sdio_sdcard.o
    0x0801453a   0x0801453a   0x00000002   PAD
    0x0801453c   0x0801453c   0x00000016   Code   RO          784    .text.sd_transfer_mode_config  sdio_sdcard.o
    0x08014552   0x08014552   0x00000002   PAD
    0x08014554   0x08014554   0x00000018   Code   RO         2313    .text.sdio_bus_mode_set  gd32f4xx_sdio.o
    0x0801456c   0x0801456c   0x00000036   Code   RO         2307    .text.sdio_clock_config  gd32f4xx_sdio.o
    0x080145a2   0x080145a2   0x00000002   PAD
    0x080145a4   0x080145a4   0x00000012   Code   RO         2319    .text.sdio_clock_enable  gd32f4xx_sdio.o
    0x080145b6   0x080145b6   0x00000002   PAD
    0x080145b8   0x080145b8   0x0000000e   Code   RO         2331    .text.sdio_command_index_get  gd32f4xx_sdio.o
    0x080145c6   0x080145c6   0x00000002   PAD
    0x080145c8   0x080145c8   0x00000036   Code   RO         2323    .text.sdio_command_response_config  gd32f4xx_sdio.o
    0x080145fe   0x080145fe   0x00000002   PAD
    0x08014600   0x08014600   0x00000012   Code   RO         2327    .text.sdio_csm_enable  gd32f4xx_sdio.o
    0x08014612   0x08014612   0x00000002   PAD
    0x08014614   0x08014614   0x0000003e   Code   RO         2335    .text.sdio_data_config  gd32f4xx_sdio.o
    0x08014652   0x08014652   0x00000002   PAD
    0x08014654   0x08014654   0x0000000c   Code   RO         2345    .text.sdio_data_read  gd32f4xx_sdio.o
    0x08014660   0x08014660   0x00000016   Code   RO         2337    .text.sdio_data_transfer_config  gd32f4xx_sdio.o
    0x08014676   0x08014676   0x00000002   PAD
    0x08014678   0x08014678   0x0000000c   Code   RO         2343    .text.sdio_data_write  gd32f4xx_sdio.o
    0x08014684   0x08014684   0x00000016   Code   RO         2305    .text.sdio_deinit   gd32f4xx_sdio.o
    0x0801469a   0x0801469a   0x00000002   PAD
    0x0801469c   0x0801469c   0x00000012   Code   RO         2353    .text.sdio_dma_disable  gd32f4xx_sdio.o
    0x080146ae   0x080146ae   0x00000002   PAD
    0x080146b0   0x080146b0   0x00000012   Code   RO         2351    .text.sdio_dma_enable  gd32f4xx_sdio.o
    0x080146c2   0x080146c2   0x00000002   PAD
    0x080146c4   0x080146c4   0x00000012   Code   RO         2341    .text.sdio_dsm_disable  gd32f4xx_sdio.o
    0x080146d6   0x080146d6   0x00000002   PAD
    0x080146d8   0x080146d8   0x00000012   Code   RO         2339    .text.sdio_dsm_enable  gd32f4xx_sdio.o
    0x080146ea   0x080146ea   0x00000002   PAD
    0x080146ec   0x080146ec   0x0000000c   Code   RO         2357    .text.sdio_flag_clear  gd32f4xx_sdio.o
    0x080146f8   0x080146f8   0x00000012   Code   RO         2355    .text.sdio_flag_get  gd32f4xx_sdio.o
    0x0801470a   0x0801470a   0x00000002   PAD
    0x0801470c   0x0801470c   0x00000012   Code   RO         2311    .text.sdio_hardware_clock_disable  gd32f4xx_sdio.o
    0x0801471e   0x0801471e   0x00000002   PAD
    0x08014720   0x08014720   0x00000012   Code   RO         2361    .text.sdio_interrupt_disable  gd32f4xx_sdio.o
    0x08014732   0x08014732   0x00000002   PAD
    0x08014734   0x08014734   0x00000010   Code   RO         2359    .text.sdio_interrupt_enable  gd32f4xx_sdio.o
    0x08014744   0x08014744   0x0000000c   Code   RO         2365    .text.sdio_interrupt_flag_clear  gd32f4xx_sdio.o
    0x08014750   0x08014750   0x00000012   Code   RO         2363    .text.sdio_interrupt_flag_get  gd32f4xx_sdio.o
    0x08014762   0x08014762   0x00000002   PAD
    0x08014764   0x08014764   0x0000000c   Code   RO         2317    .text.sdio_power_state_get  gd32f4xx_sdio.o
    0x08014770   0x08014770   0x0000000c   Code   RO         2315    .text.sdio_power_state_set  gd32f4xx_sdio.o
    0x0801477c   0x0801477c   0x00000040   Code   RO         2333    .text.sdio_response_get  gd32f4xx_sdio.o
    0x080147bc   0x080147bc   0x00000018   Code   RO         2325    .text.sdio_wait_type_set  gd32f4xx_sdio.o
    0x080147d4   0x080147d4   0x00000016   Code   RO         2433    .text.spi_dma_disable  gd32f4xx_spi.o
    0x080147ea   0x080147ea   0x00000002   PAD
    0x080147ec   0x080147ec   0x00000012   Code   RO         2431    .text.spi_dma_enable  gd32f4xx_spi.o
    0x080147fe   0x080147fe   0x00000002   PAD
    0x08014800   0x08014800   0x0000000a   Code   RO         2411    .text.spi_enable    gd32f4xx_spi.o
    0x0801480a   0x0801480a   0x00000002   PAD
    0x0801480c   0x0801480c   0x0000005c   Code   RO          567    .text.spi_flash_buffer_read  gd25qxx.o
    0x08014868   0x08014868   0x00000020   Code   RO          551    .text.spi_flash_init  gd25qxx.o
    0x08014888   0x08014888   0x00000096   Code   RO          563    .text.spi_flash_page_write  gd25qxx.o
    0x0801491e   0x0801491e   0x00000002   PAD
    0x08014920   0x08014920   0x0000007c   Code   RO          553    .text.spi_flash_sector_erase  gd25qxx.o
    0x0801499c   0x0801499c   0x000000fa   Code   RO          557    .text.spi_flash_send_byte_dma  gd25qxx.o
    0x08014a96   0x08014a96   0x00000002   PAD
    0x08014a98   0x08014a98   0x0000011e   Code   RO          748    .text.spi_gd30ad3344_send_halfword_dma  gd30ad3344.o
    0x08014bb6   0x08014bb6   0x00000002   PAD
    0x08014bb8   0x08014bb8   0x00000034   Code   RO         2409    .text.spi_init      gd32f4xx_spi.o
    0x08014bec   0x08014bec   0x000000e4   Code   RO          115    .text.sync          ff.o
    0x08014cd0   0x08014cd0   0x0000004a   Code   RO           50    .text.systick_config  systick.o
    0x08014d1a   0x08014d1a   0x00000002   PAD
    0x08014d1c   0x08014d1c   0x00000260   Code   RO          579    .text.test_spi_flash  gd25qxx.o
    0x08014f7c   0x08014f7c   0x000000e6   Code   RO          532    .text.uart_task     usart_app.o
    0x08015062   0x08015062   0x00000002   PAD
    0x08015064   0x08015064   0x000000b0   Code   RO          238    .text.update_perf_counter  perf_counter.o
    0x08015114   0x08015114   0x000000be   Code   RO         2753    .text.usart_baudrate_set  gd32f4xx_usart.o
    0x080151d2   0x080151d2   0x00000002   PAD
    0x080151d4   0x080151d4   0x00000008   Code   RO         2785    .text.usart_data_receive  gd32f4xx_usart.o
    0x080151dc   0x080151dc   0x00000008   Code   RO         2783    .text.usart_data_transmit  gd32f4xx_usart.o
    0x080151e4   0x080151e4   0x000000c8   Code   RO         2751    .text.usart_deinit  gd32f4xx_usart.o
    0x080152ac   0x080152ac   0x00000014   Code   RO         2845    .text.usart_dma_receive_config  gd32f4xx_usart.o
    0x080152c0   0x080152c0   0x0000000a   Code   RO         2761    .text.usart_enable  gd32f4xx_usart.o
    0x080152ca   0x080152ca   0x00000002   PAD
    0x080152cc   0x080152cc   0x00000010   Code   RO         2849    .text.usart_flag_get  gd32f4xx_usart.o
    0x080152dc   0x080152dc   0x00000016   Code   RO         2853    .text.usart_interrupt_enable  gd32f4xx_usart.o
    0x080152f2   0x080152f2   0x00000002   PAD
    0x080152f4   0x080152f4   0x00000022   Code   RO         2857    .text.usart_interrupt_flag_get  gd32f4xx_usart.o
    0x08015316   0x08015316   0x00000002   PAD
    0x08015318   0x08015318   0x0000000c   Code   RO         2767    .text.usart_receive_config  gd32f4xx_usart.o
    0x08015324   0x08015324   0x0000000c   Code   RO         2765    .text.usart_transmit_config  gd32f4xx_usart.o
    0x08015330   0x08015330   0x0000009c   Code   RO          903    .text.ymodem_abort  ymodem_ota.o
    0x080153cc   0x080153cc   0x00000012   Code   RO          893    .text.ymodem_ota_is_active  ymodem_ota.o
    0x080153de   0x080153de   0x00000002   PAD
    0x080153e0   0x080153e0   0x00000728   Code   RO          897    .text.ymodem_ota_process_bytes  ymodem_ota.o
    0x08015b08   0x08015b08   0x00000072   Code   RO          899    .text.ymodem_ota_task  ymodem_ota.o
    0x08015b7a   0x08015b7a   0x0000000a   Ven    RO         3270    Veneer$$Code        anon$$obj.o
    0x08015b84   0x08015b84   0x0000000a   Ven    RO         3271    Veneer$$Code        anon$$obj.o
    0x08015b8e   0x08015b8e   0x0000000a   Ven    RO         3272    Veneer$$Code        anon$$obj.o
    0x08015b98   0x08015b98   0x0000000a   Ven    RO         3273    Veneer$$Code        anon$$obj.o
    0x08015ba2   0x08015ba2   0x00000002   PAD
    0x08015ba4   0x08015ba4   0x00000034   Code   RO         3149    i.__0vsnprintf      mc_w.l(printfa.o)
    0x08015bd8   0x08015bd8   0x0000000e   Code   RO         3264    i.__scatterload_copy  mc_w.l(handlers.o)
    0x08015be6   0x08015be6   0x00000002   Code   RO         3265    i.__scatterload_null  mc_w.l(handlers.o)
    0x08015be8   0x08015be8   0x0000000e   Code   RO         3266    i.__scatterload_zeroinit  mc_w.l(handlers.o)
    0x08015bf6   0x08015bf6   0x00000002   PAD
    0x08015bf8   0x08015bf8   0x00000184   Code   RO         3151    i._fp_digits        mc_w.l(printfa.o)
    0x08015d7c   0x08015d7c   0x000006dc   Code   RO         3152    i._printf_core      mc_w.l(printfa.o)
    0x08016458   0x08016458   0x00000024   Code   RO         3153    i._printf_post_padding  mc_w.l(printfa.o)
    0x0801647c   0x0801647c   0x0000002e   Code   RO         3154    i._printf_pre_padding  mc_w.l(printfa.o)
    0x080164aa   0x080164aa   0x00000016   Code   RO         3155    i._snputc           mc_w.l(printfa.o)
    0x080164c0   0x080164c0   0x00000018   Data   RO          434    .rodata..Lswitch.table.key_task.1  key_app.o
    0x080164d8   0x080164d8   0x00000228   Data   RO          877    .rodata.F6X8        oled.o
    0x08016700   0x08016700   0x000005f0   Data   RO          882    .rodata.F8X16       oled.o
    0x08016cf0   0x08016cf0   0x0000000d   Data   RO          159    .rodata.LfnOfs      ff.o
    0x08016cfd   0x08016cfd   0x00000001   PAD
    0x08016cfe   0x08016cfe   0x00000100   Data   RO          172    .rodata.Tbl         ccsbcs.o
    0x08016dfe   0x08016dfe   0x00000080   Data   RO          157    .rodata.create_name.excvt  ff.o
    0x08016e7e   0x08016e7e   0x00000008   Data   RO         2204    .rodata.cst8        gd32f4xx_rcu.o
    0x08016e86   0x08016e86   0x00000013   Data   RO          517    .rodata.sd_fatfs_long_name_test.long_msg  sd_app.o
    0x08016e99   0x08016e99   0x00000069   Data   RO          516    .rodata.sd_fatfs_long_name_test.long_path  sd_app.o
    0x08016f02   0x08016f02   0x00000049   Data   RO           40    .rodata.str1.1      main.o
    0x08016f4b   0x08016f4b   0x00000010   Data   RO          158    .rodata.str1.1      ff.o
    0x08016f5b   0x08016f5b   0x000003eb   Data   RO          507    .rodata.str1.1      sd_app.o
    0x08017346   0x08017346   0x00000012   Data   RO          541    .rodata.str1.1      usart_app.o
    0x08017358   0x08017358   0x000000fc   Data   RO          581    .rodata.str1.1      gd25qxx.o
    0x08017454   0x08017454   0x0000004d   Data   RO          938    .rodata.str1.1      ota_uart.o
    0x080174a1   0x080174a1   0x00000003   PAD
    0x080174a4   0x080174a4   0x0000003f   Data   RO          582    .rodata.str1.4      gd25qxx.o
    0x080174e3   0x080174e3   0x00000001   PAD
    0x080174e4   0x080174e4   0x000003c0   Data   RO          173    .rodata.str2.2      ccsbcs.o
    0x080178a4   0x080178a4   0x00000030   Data   RO         3263    Region$$Table       anon$$obj.o
    0x080178d4   0x080178d4   0x00000004   Data   RO          307    .init_array         perf_counter.o
    0x080178d8   0x080178d4   0x00000000   Data   RO         3201    .init_array         mc_w.l(cpp_init.o)


    Execution Region RW_IRAM1 (Exec base: 0x20000000, Load base: 0x080178d8, Size: 0x00009810, Max: 0x00020000, ABSOLUTE)

    Exec Addr    Load Addr    Size         Type   Attr      Idx    E Section Name        Object

    0x20000000   0x080178d8   0x00000004   Data   RW          223    .data.SystemCoreClock  system_gd32f4xx.o
    0x20000004   0x080178dc   0x00000016   Data   RW          881    .data.initcmd1      oled.o
    0x2000001a   0x080178f2   0x00000001   Data   RW          448    .data.led_disp.temp_old  led_app.o
    0x2000001b   0x080178f3   0x00000002   Data   RW          395    .data.oled_data_buf  fun.o
    0x2000001d   0x080178f5   0x00000001   Data   RW          880    .data.s_oled_available  oled.o
    0x2000001e   0x080178f6   0x00000002   PAD
    0x20000020   0x080178f8   0x00000048   Data   RW          482    .data.scheduler_task  scheduler.o
    0x20000068   0x08017940   0x00000001   Data   RW          832    .data.transerror    sdio_sdcard.o
    0x20000069   0x08017941   0x00000003   PAD
    0x2000006c   0x08017944   0x00000004   Data   RW          831    .data.transmode     sdio_sdcard.o
    0x20000070   0x08017948   0x00000006   Data   RW          447    .data.ucLed         led_app.o
    0x20000076   0x0801794e   0x00000002   PAD
    0x20000078        -       0x00000004   Zero   RW          155    .bss.FatFs.0        ff.o
    0x2000007c        -       0x00000002   Zero   RW          156    .bss.Fsid           ff.o
    0x2000007e        -       0x00000002   Zero   RW          760    .bss.GD30AD3344_InitStruct  gd30ad3344.o
    0x20000080        -       0x00000020   Zero   RW          306    .bss.PERFC          perf_counter.o
    0x200000a0        -       0x00000004   Zero   RW          403    .bss.RTCSRC_FLAG    fun.o
    0x200000a4        -       0x00000004   Zero   RW          407    .bss.adc_value      fun.o
    0x200000a8        -       0x00000004   Zero   RW          513    .bss.br             sd_app.o
    0x200000ac        -       0x00000080   Zero   RW          512    .bss.buffer         sd_app.o
    0x2000012c        -       0x00000004   Zero   RW          511    .bss.bw             sd_app.o
    0x20000130        -       0x00000001   Zero   RW          821    .bss.cardtype       sdio_sdcard.o
    0x20000131   0x0801794e   0x00000001   PAD
    0x20000132        -       0x00000002   Zero   RW          400    .bss.convertarr     fun.o
    0x20000134        -       0x00000001   Zero   RW          538    .bss.debug_rx_flag  usart_app.o
    0x20000135        -       0x00000200   Zero   RW          404    .bss.debug_rxbuffer  fun.o
    0x20000335   0x0801794e   0x00000003   PAD
    0x20000338        -       0x00000200   Zero   RW          540    .bss.debug_uart_dma_buffer  usart_app.o
    0x20000538        -       0x00000002   Zero   RW          539    .bss.debug_uart_dma_len  usart_app.o
    0x2000053a   0x0801794e   0x00000002   PAD
    0x2000053c        -       0x00000004   Zero   RW           56    .bss.delay          systick.o
    0x20000540        -       0x00000224   Zero   RW          509    .bss.fdst           sd_app.o
    0x20000764        -       0x00000080   Zero   RW          510    .bss.filebuffer     sd_app.o
    0x200007e4        -       0x00000230   Zero   RW          508    .bss.fs             sd_app.o
    0x20000a14        -       0x00000004   Zero   RW          304    .bss.g_nOffset      perf_counter.o
    0x20000a18        -       0x00000001   Zero   RW          432    .bss.key_down       key_app.o
    0x20000a19        -       0x00000001   Zero   RW          431    .bss.key_old        key_app.o
    0x20000a1a        -       0x00000001   Zero   RW          433    .bss.key_up         key_app.o
    0x20000a1b        -       0x00000001   Zero   RW          430    .bss.key_val        key_app.o
    0x20000a1c        -       0x00000004   Zero   RW          836    .bss.number_bytes   sdio_sdcard.o
    0x20000a20        -       0x00000002   Zero   RW          394    .bss.oled_cmd_buf   fun.o
    0x20000a22   0x0801794e   0x00000002   PAD
    0x20000a24        -       0x00000004   Zero   RW          401    .bss.prescaler_a    fun.o
    0x20000a28        -       0x00000004   Zero   RW          402    .bss.prescaler_s    fun.o
    0x20000a2c        -       0x00000002   Zero   RW          506    .bss.result         sd_app.o
    0x20000a2e   0x0801794e   0x00000002   PAD
    0x20000a30        -       0x00000014   Zero   RW          408    .bss.rtc_initpara   fun.o
    0x20000a44        -       0x00000800   Zero   RW          406    .bss.rxbuffer       fun.o
    0x20001244        -       0x0000001c   Zero   RW          935    .bss.s_ota_ctx      ota_uart.o
    0x20001260        -       0x00000004   Zero   RW          542    .bss.s_ota_dma_old_pos  usart_app.o
    0x20001264        -       0x00001000   Zero   RW          908    .bss.s_param_page_cache  ymodem_ota.o
    0x20002264        -       0x00001000   Zero   RW          939    .bss.s_param_page_cache  ota_uart.o
    0x20003264        -       0x00000010   Zero   RW          936    .bss.s_ring_buffer  ota_uart.o
    0x20003274        -       0x00004000   Zero   RW          937    .bss.s_ring_buffer_storage  ota_uart.o
    0x20007274        -       0x0000042c   Zero   RW          907    .bss.s_ymodem       ymodem_ota.o
    0x200076a0        -       0x00000004   Zero   RW          822    .bss.sd_cid.0       sdio_sdcard.o
    0x200076a4        -       0x00000004   Zero   RW          823    .bss.sd_cid.1       sdio_sdcard.o
    0x200076a8        -       0x00000004   Zero   RW          824    .bss.sd_cid.2       sdio_sdcard.o
    0x200076ac        -       0x00000004   Zero   RW          825    .bss.sd_cid.3       sdio_sdcard.o
    0x200076b0        -       0x00000004   Zero   RW          827    .bss.sd_csd.0       sdio_sdcard.o
    0x200076b4        -       0x00000004   Zero   RW          828    .bss.sd_csd.1       sdio_sdcard.o
    0x200076b8        -       0x00000004   Zero   RW          829    .bss.sd_csd.2       sdio_sdcard.o
    0x200076bc        -       0x00000004   Zero   RW          830    .bss.sd_csd.3       sdio_sdcard.o
    0x200076c0        -       0x00000002   Zero   RW          826    .bss.sd_rca         sdio_sdcard.o
    0x200076c2   0x0801794e   0x00000002   PAD
    0x200076c4        -       0x00000008   Zero   RW          820    .bss.sd_scr         sdio_sdcard.o
    0x200076cc        -       0x0000000c   Zero   RW          399    .bss.spi1_receive_array  fun.o
    0x200076d8        -       0x0000000c   Zero   RW          398    .bss.spi1_send_array  fun.o
    0x200076e4        -       0x0000000c   Zero   RW          397    .bss.spi3_receive_array  fun.o
    0x200076f0        -       0x0000000c   Zero   RW          396    .bss.spi3_send_array  fun.o
    0x200076fc        -       0x00000001   Zero   RW          835    .bss.stopcondition  sdio_sdcard.o
    0x200076fd        -       0x00000001   Zero   RW          481    .bss.task_num       scheduler.o
    0x200076fe   0x0801794e   0x00000002   PAD
    0x20007700        -       0x00000004   Zero   RW          834    .bss.totalnumber_bytes  sdio_sdcard.o
    0x20007704        -       0x00000004   Zero   RW          833    .bss.transend       sdio_sdcard.o
    0x20007708        -       0x00000002   Zero   RW          534    .bss.tx_count       usart_app.o
    0x2000770a        -       0x00000100   Zero   RW          405    .bss.usart1_rxbuffer  fun.o
    0x2000780a   0x0801794e   0x00000006   PAD
    0x20007810        -       0x00002000   Zero   RW          207    STACK               startup_gd32f450_470.o


    Execution Region ER_IRAM_FUNC (Exec base: 0x20009810, Load base: 0x08017950, Size: 0x00000550, Max: 0xffffffff, ABSOLUTE)

    Exec Addr    Load Addr    Size         Type   Attr      Idx    E Section Name        Object

    0x20009810   0x08017950   0x0000012e   Code   RO          905    .ramfunc            ymodem_ota.o
    0x2000993e   0x08017a7e   0x00000002   PAD
    0x20009940   0x08017a80   0x00000116   Code   RO          933    .ramfunc            ota_uart.o
    0x20009a56   0x08017b96   0x00000002   PAD
    0x20009a58   0x08017b98   0x000000e0   Code   RO         1742    .text.fmc_byte_program  gd32f4xx_fmc.o
    0x20009b38   0x08017c78   0x0000000c   Code   RO         1786    .text.fmc_flag_clear  gd32f4xx_fmc.o
    0x20009b44   0x08017c84   0x00000012   Code   RO         1784    .text.fmc_flag_get  gd32f4xx_fmc.o
    0x20009b56   0x08017c96   0x00000002   PAD
    0x20009b58   0x08017c98   0x00000012   Code   RO         1724    .text.fmc_lock      gd32f4xx_fmc.o
    0x20009b6a   0x08017caa   0x00000002   PAD
    0x20009b6c   0x08017cac   0x000000e8   Code   RO         1726    .text.fmc_page_erase  gd32f4xx_fmc.o
    0x20009c54   0x08017d94   0x00000028   Code   RO         1722    .text.fmc_unlock    gd32f4xx_fmc.o
    0x20009c7c   0x08017dbc   0x000000e4   Code   RO         1738    .text.fmc_word_program  gd32f4xx_fmc.o


==============================================================================

Image component sizes


      Code (inc. data)   RO Data    RW Data    ZI Data      Debug   Object Name

        38          0          0          0          0        775   adc_app.o
       120          0       1216          0          0       1439   ccsbcs.o
       236          0          0          0          0       4820   diskio.o
      5804          0        157          0          6      40443   ff.o
      2050          0          0          2       2904      13371   fun.o
      1256        148        315          0          0       8264   gd25qxx.o
       482          8          0          0          2       5415   gd30ad3344.o
       520          0          0          0          0      11898   gd32f4xx_adc.o
       152          0          0          0          0       8244   gd32f4xx_dac.o
       638          0          0          0          0      11210   gd32f4xx_dma.o
        30          0          0          0          0       3363   gd32f4xx_exti.o
       772          0          0          0          0      15441   gd32f4xx_fmc.o
       282          0          0          0          0       5458   gd32f4xx_gpio.o
       434          0          0          0          0      11806   gd32f4xx_i2c.o
       258          0          0          0          0       4137   gd32f4xx_it.o
       174          0          0          0          0       6773   gd32f4xx_misc.o
        18          0          0          0          0       6034   gd32f4xx_pmu.o
       800         50          8          0          0      20171   gd32f4xx_rcu.o
       436          0          0          0          0      14032   gd32f4xx_rtc.o
       608          4          0          0          0       8318   gd32f4xx_sdio.o
       102          0          0          0          0       9534   gd32f4xx_spi.o
       532          0          0          0          0      13554   gd32f4xx_usart.o
       186          0         24          0          4       1308   key_app.o
       162          0          0          7          0       1354   led_app.o
       372        144         73          0          0       2485   main.o
      1540          0       2072         23          0      11964   oled.o
       246         44          0          0          0       1781   oled_app.o
      3482        240         77          0      20524      18485   ota_uart.o
       612          8          4          0         36      17728   perf_counter.o
       138          0          0          0          0       3588   perfc_port_default.o
       422          0          0          0          0       3926   ring_buffer.o
        64         20          0          0          0        578   rtc_app.o
        92          0          0         72          1       1438   scheduler.o
      1318        272       1127          0       1374      10920   sd_app.o
      6792          0          0          5         56      24890   sdio_sdcard.o
        36          8        428          0       8192        944   startup_gd32f450_470.o
       562          0          0          4          0       3233   system_gd32f4xx.o
       118          0          0          0          4       4682   systick.o
        36         10          0          0          0        624   systick_wrapper_ual.o
       340          0         18          0        521       3320   usart_app.o
      2458        152          0          0       5164      13065   ymodem_ota.o

    ----------------------------------------------------------------------
     35012       1108       5572        120      38808     350813   Object Totals
        40          0         48          0          0          0   (incl. Generated)
       254          0          5          7         20          0   (incl. Padding)

    ----------------------------------------------------------------------

      Code (inc. data)   RO Data    RW Data    ZI Data      Debug   Library Member Name

        40          8          0          0          0         80   cpp_init.o
         0          0          0          0          0          0   entry.o
         0          0          0          0          0          0   entry10a.o
         0          0          0          0          0          0   entry11a.o
         8          4          0          0          0          0   entry2.o
         4          0          0          0          0          0   entry5.o
         0          0          0          0          0          0   entry7b.o
         4          0          0          0          0          0   entry8a.o
         0          0          0          0          0          0   entry8b.o
         8          4          0          0          0          0   entry9a.o
        30          0          0          0          0          0   handlers.o
        48         10          0          0          0         68   init.o
         0          0          0          0          0          0   iusefp.o
        98          0          0          0          0         84   ldiv.o
        30          0          0          0          0         68   llshl.o
        36          0          0          0          0         68   llsshr.o
        32          0          0          0          0         68   llushr.o
        26          0          0          0          0         80   memcmp.o
        36          0          0          0          0         68   memcpya.o
        36          0          0          0          0        108   memseta.o
      2300         86          0          0          0        516   printfa.o
        14          0          0          0          0         68   strlen.o
        44          0          0          0          0         80   uidiv.o
        98          0          0          0          0         92   uldiv.o
        48          0          0          0          0         68   cdrcmple.o
       334          0          0          0          0        148   dadd.o
       222          0          0          0          0        100   ddiv.o
       186          0          0          0          0        176   depilogue.o
        48          0          0          0          0         68   dfixul.o
       228          0          0          0          0         96   dmul.o
        38          0          0          0          0         68   f2d.o

    ----------------------------------------------------------------------
      4000        112          0          0          0       2172   Library Totals
         4          0          0          0          0          0   (incl. Padding)

    ----------------------------------------------------------------------

      Code (inc. data)   RO Data    RW Data    ZI Data      Debug   Library Name

      2892        112          0          0          0       1448   mc_w.l
      1104          0          0          0          0        724   mf_w.l

    ----------------------------------------------------------------------
      4000        112          0          0          0       2172   Library Totals

    ----------------------------------------------------------------------

==============================================================================


      Code (inc. data)   RO Data    RW Data    ZI Data      Debug   

     39012       1220       5572        120      38808     351185   Grand Totals
     39012       1220       5572        120      38808     351185   ELF Image Totals
     39012       1220       5572        120          0          0   ROM Totals

==============================================================================

    Total RO  Size (Code + RO Data)                44584 (  43.54kB)
    Total RW  Size (RW Data + ZI Data)             38928 (  38.02kB)
    Total ROM Size (Code + RO Data + RW Data)      44704 (  43.66kB)

==============================================================================

